Archive member included to satisfy reference by file (symbol)

/usr/lib/gcc/arm-none-eabi/14.2.0/thumb/v6-m/nofp/libgcc.a(_dvmd_tls.o)
                              CMakeFiles/main.dir/home/mees/pico-sdk/src/rp2_common/pico_divider/divider_hardware.S.o (__aeabi_idiv0)
/usr/lib/gcc/arm-none-eabi/14.2.0/../../../../arm-none-eabi/lib/thumb/v6-m/nofp/libg.a(libc_a-atexit.o)
                              /usr/lib/gcc/arm-none-eabi/14.2.0/../../../../arm-none-eabi/lib/thumb/v6-m/nofp/crt0.o (atexit)
/usr/lib/gcc/arm-none-eabi/14.2.0/../../../../arm-none-eabi/lib/thumb/v6-m/nofp/libg.a(libc_a-atoi.o)
                              CMakeFiles/main.dir/home/mees/pico-sdk/lib/lwip/src/core/netif.c.o (atoi)
/usr/lib/gcc/arm-none-eabi/14.2.0/../../../../arm-none-eabi/lib/thumb/v6-m/nofp/libg.a(libc_a-calloc.o)
                              CMakeFiles/main.dir/home/mees/pico-sdk/src/rp2_common/pico_malloc/malloc.c.o (calloc)
/usr/lib/gcc/arm-none-eabi/14.2.0/../../../../arm-none-eabi/lib/thumb/v6-m/nofp/libg.a(libc_a-callocr.o)
                              /usr/lib/gcc/arm-none-eabi/14.2.0/../../../../arm-none-eabi/lib/thumb/v6-m/nofp/libg.a(libc_a-calloc.o) (_calloc_r)
/usr/lib/gcc/arm-none-eabi/14.2.0/../../../../arm-none-eabi/lib/thumb/v6-m/nofp/libg.a(libc_a-malloc.o)
                              CMakeFiles/main.dir/home/mees/pico-sdk/src/rp2_common/pico_malloc/malloc.c.o (malloc)
/usr/lib/gcc/arm-none-eabi/14.2.0/../../../../arm-none-eabi/lib/thumb/v6-m/nofp/libg.a(libc_a-mallocr.o)
                              /usr/lib/gcc/arm-none-eabi/14.2.0/../../../../arm-none-eabi/lib/thumb/v6-m/nofp/libg.a(libc_a-callocr.o) (_malloc_r)
/usr/lib/gcc/arm-none-eabi/14.2.0/../../../../arm-none-eabi/lib/thumb/v6-m/nofp/libg.a(libc_a-mlock.o)
                              /usr/lib/gcc/arm-none-eabi/14.2.0/../../../../arm-none-eabi/lib/thumb/v6-m/nofp/libg.a(libc_a-mallocr.o) (__malloc_lock)
/usr/lib/gcc/arm-none-eabi/14.2.0/../../../../arm-none-eabi/lib/thumb/v6-m/nofp/libg.a(libc_a-realloc.o)
                              CMakeFiles/main.dir/home/mees/pico-sdk/src/rp2_common/pico_malloc/malloc.c.o (realloc)
/usr/lib/gcc/arm-none-eabi/14.2.0/../../../../arm-none-eabi/lib/thumb/v6-m/nofp/libg.a(libc_a-reallocr.o)
                              /usr/lib/gcc/arm-none-eabi/14.2.0/../../../../arm-none-eabi/lib/thumb/v6-m/nofp/libg.a(libc_a-realloc.o) (_realloc_r)
/usr/lib/gcc/arm-none-eabi/14.2.0/../../../../arm-none-eabi/lib/thumb/v6-m/nofp/libg.a(libc_a-strtol.o)
                              /usr/lib/gcc/arm-none-eabi/14.2.0/../../../../arm-none-eabi/lib/thumb/v6-m/nofp/libg.a(libc_a-atoi.o) (_strtol_r)
/usr/lib/gcc/arm-none-eabi/14.2.0/../../../../arm-none-eabi/lib/thumb/v6-m/nofp/libg.a(libc_a-ctype_.o)
                              CMakeFiles/main.dir/home/mees/pico-sdk/lib/lwip/src/core/dns.c.o (_ctype_)
/usr/lib/gcc/arm-none-eabi/14.2.0/../../../../arm-none-eabi/lib/thumb/v6-m/nofp/libg.a(libc_a-memcmp.o)
                              CMakeFiles/main.dir/home/mees/pico-sdk/src/rp2_common/pico_atomic/atomic.c.o (memcmp)
/usr/lib/gcc/arm-none-eabi/14.2.0/../../../../arm-none-eabi/lib/thumb/v6-m/nofp/libg.a(libc_a-memmove.o)
                              CMakeFiles/main.dir/home/mees/pico-sdk/lib/lwip/src/core/def.c.o (memmove)
/usr/lib/gcc/arm-none-eabi/14.2.0/../../../../arm-none-eabi/lib/thumb/v6-m/nofp/libg.a(libc_a-strncmp.o)
                              CMakeFiles/main.dir/home/mees/pico-sdk/lib/lwip/src/core/def.c.o (strncmp)
/usr/lib/gcc/arm-none-eabi/14.2.0/../../../../arm-none-eabi/lib/thumb/v6-m/nofp/libg.a(libc_a-lcltime_r.o)
                              CMakeFiles/main.dir/home/mees/pico-sdk/src/common/pico_util/datetime.c.o (localtime_r)
/usr/lib/gcc/arm-none-eabi/14.2.0/../../../../arm-none-eabi/lib/thumb/v6-m/nofp/libg.a(libc_a-mktime.o)
                              CMakeFiles/main.dir/home/mees/pico-sdk/src/common/pico_util/datetime.c.o (mktime)
/usr/lib/gcc/arm-none-eabi/14.2.0/../../../../arm-none-eabi/lib/thumb/v6-m/nofp/libg.a(libc_a-month_lengths.o)
                              /usr/lib/gcc/arm-none-eabi/14.2.0/../../../../arm-none-eabi/lib/thumb/v6-m/nofp/libg.a(libc_a-lcltime_r.o) (__month_lengths)
/usr/lib/gcc/arm-none-eabi/14.2.0/../../../../arm-none-eabi/lib/thumb/v6-m/nofp/libg.a(libc_a-tzcalc_limits.o)
                              /usr/lib/gcc/arm-none-eabi/14.2.0/../../../../arm-none-eabi/lib/thumb/v6-m/nofp/libg.a(libc_a-lcltime_r.o) (__tzcalc_limits)
/usr/lib/gcc/arm-none-eabi/14.2.0/../../../../arm-none-eabi/lib/thumb/v6-m/nofp/libg.a(libc_a-tzlock.o)
                              /usr/lib/gcc/arm-none-eabi/14.2.0/../../../../arm-none-eabi/lib/thumb/v6-m/nofp/libg.a(libc_a-lcltime_r.o) (__tz_lock)
/usr/lib/gcc/arm-none-eabi/14.2.0/../../../../arm-none-eabi/lib/thumb/v6-m/nofp/libg.a(libc_a-tzset.o)
                              /usr/lib/gcc/arm-none-eabi/14.2.0/../../../../arm-none-eabi/lib/thumb/v6-m/nofp/libg.a(libc_a-lcltime_r.o) (_tzset_unlocked)
[...]
Memory Configuration

Name             Origin             Length             Attributes
FLASH            0x10000000         0x00200000         xr
RAM              0x20000000         0x00040000         xrw
SCRATCH_X        0x20040000         0x00001000         xrw
SCRATCH_Y        0x20041000         0x00001000         xrw
*default*        0x00000000         0xffffffff

Linker script and memory map

LOAD /usr/lib/gcc/arm-none-eabi/14.2.0/thumb/v6-m/nofp/crti.o
LOAD /usr/lib/gcc/arm-none-eabi/14.2.0/thumb/v6-m/nofp/crtbegin.o
LOAD /usr/lib/gcc/arm-none-eabi/14.2.0/../../../../arm-none-eabi/lib/thumb/v6-m/nofp/crt0.o

.flash_begin    0x10000000        0x0
                0x10000000                        __flash_binary_start = .

.boot2          0x10000000      0x100
                0x10000000                        __boot2_start__ = .
 *(.boot2)
 .boot2         0x10000000      0x100 pico-sdk/src/rp2040/boot_stage2/CMakeFiles/bs2_default_library.dir/bs2_default_padded_checksummed.S.o
                0x10000100                        __boot2_end__ = .
                0x00000001                        ASSERT (((__boot2_end__ - __boot2_start__) == 0x100), ERROR: Pico second stage bootloader must be 256 bytes in size)

.text           0x10000100     0x4fb8
                0x10000100                        __logical_binary_start = .
 *(.vectors)
 .vectors       0x10000100       0xd4 CMakeFiles/main.dir/home/mees/pico-sdk/src/rp2_common/pico_crt0/crt0.S.o
                0x10000100                __vectors
                0x10000100                __VECTOR_TABLE
                0x100001c0                isr_irq30
                0x100001c0                __unhandled_user_irq
                0x100001c0                isr_irq13
                0x100001c0                isr_irq27
                0x100001c0                isr_irq31
                0x100001c0                isr_irq5
                0x100001c0                isr_irq11
                0x100001c0                isr_irq23
                0x100001c0                isr_irq18
                0x100001c0                isr_irq28
                0x100001c0                isr_irq19
                0x100001c0                isr_irq0
                0x100001c0                isr_irq6
                0x100001c0                isr_irq22
                0x100001c0                isr_irq17
                0x100001c0                isr_irq14
                0x100001c0                __vectors_end
                0x100001c0                __default_isrs_start
                0x100001c0                isr_irq2
                0x100001c0                isr_irq10
                0x100001c0                isr_irq8
                0x100001c0                isr_irq24
                0x100001c0                isr_irq1
                0x100001c0                isr_irq7
                0x100001c0                isr_irq21
                0x100001c0                isr_irq20
                0x100001c0                isr_irq15
                0x100001c0                isr_irq25
                0x100001c0                isr_irq4
                0x100001c0                isr_irq16
                0x100001c0                isr_irq29
                0x100001c0                isr_irq26
                0x100001c0                isr_irq3
                0x100001c0                isr_irq12
                0x100001c0                isr_irq9
                0x100001c6                unhandled_user_irq_num_in_r0
                0x100001c8                isr_invalid
                0x100001ca                isr_nmi
                0x100001cc                isr_hardfault
                0x100001ce                isr_svcall
                0x100001d0                isr_pendsv
                0x100001d2                isr_systick
                0x100001d4                __default_isrs_end
 *(.binary_info_header)
 .binary_info_header
                0x100001d4       0x14 CMakeFiles/main.dir/home/mees/pico-sdk/src/rp2_common/pico_crt0/crt0.S.o
                0x100001e8                        __binary_info_header_end = .
 *(.embedded_block)
                0x100001e8                        __embedded_block_end = .
 *(.reset)
 .reset         0x100001e8       0x9c CMakeFiles/main.dir/home/mees/pico-sdk/src/rp2_common/pico_crt0/crt0.S.o
                0x100001e8                _entry_point
 *(.init)
 .init          0x10000284        0x4 /usr/lib/gcc/arm-none-eabi/14.2.0/thumb/v6-m/nofp/crti.o
                0x10000284                _init
 *(EXCLUDE_FILE(*libm.a: *libc.a:*lib_a-mem*.o *libgcc.a:) .text*)
 .text.frame_dummy
                0x10000288       0x20 /usr/lib/gcc/arm-none-eabi/14.2.0/thumb/v6-m/nofp/crtbegin.o
 .text.encoder_callback
                0x100002a8       0xac CMakeFiles/main.dir/main.c.o
                0x100002a8                encoder_callback
 .text.init_servo_pwm
                0x10000354       0xbc CMakeFiles/main.dir/main.c.o
                0x10000354                init_servo_pwm
 .text.startup.main
                0x10000410      0x32c CMakeFiles/main.dir/main.c.o
                0x10000410                main
 .text.gpio_default_irq_handler
                0x1000073c      0x2c8 CMakeFiles/main.dir/home/mees/pico-sdk/src/rp2_common/hardware_gpio/gpio.c.o
 .text.gpio_set_function
                0x10000a04       0x34 CMakeFiles/main.dir/home/mees/pico-sdk/src/rp2_common/hardware_gpio/gpio.c.o
                0x10000a04                gpio_set_function
 .text.gpio_set_pulls
                0x10000a38       0x28 CMakeFiles/main.dir/home/mees/pico-sdk/src/rp2_common/hardware_gpio/gpio.c.o
                0x10000a38                gpio_set_pulls
 .text.gpio_set_irq_enabled
                0x10000a60       0x58 CMakeFiles/main.dir/home/mees/pico-sdk/src/rp2_common/hardware_gpio/gpio.c.o
                0x10000a60                gpio_set_irq_enabled
 .text.gpio_set_irq_callback
                0x10000ab8       0x40 CMakeFiles/main.dir/home/mees/pico-sdk/src/rp2_common/hardware_gpio/gpio.c.o
                0x10000ab8                gpio_set_irq_callback
 .text.gpio_init
                0x10000af8       0x40 CMakeFiles/main.dir/home/mees/pico-sdk/src/rp2_common/hardware_gpio/gpio.c.o
                0x10000af8                gpio_init
 .text.rp2040_chip_version
                0x10000b38        0xc CMakeFiles/main.dir/home/mees/pico-sdk/src/rp2040/pico_platform/platform.c.o
                0x10000b38                rp2040_chip_version
 .text.panic    0x10000b44       0x30 CMakeFiles/main.dir/home/mees/pico-sdk/src/rp2_common/pico_platform_panic/panic.c.o
                0x10000b44                panic
 .text.hw_claim_or_assert
                0x10000b74       0x44 CMakeFiles/main.dir/home/mees/pico-sdk/src/common/hardware_claim/claim.c.o
                0x10000b74                hw_claim_or_assert
 .text.hw_claim_unused_from_range
                0x10000bb8       0x88 CMakeFiles/main.dir/home/mees/pico-sdk/src/common/hardware_claim/claim.c.o
                0x10000bb8                hw_claim_unused_from_range
 .text.next_striped_spin_lock_num
                0x10000c40       0x18 CMakeFiles/main.dir/home/mees/pico-sdk/src/rp2_common/hardware_sync/sync.c.o
                0x10000c40                next_striped_spin_lock_num
 .text.spin_lock_claim_unused
                0x10000c58       0x24 CMakeFiles/main.dir/home/mees/pico-sdk/src/rp2_common/hardware_sync/sync.c.o
                0x10000c58                spin_lock_claim_unused
 .text.spin_locks_reset
                0x10000c7c       0x1c CMakeFiles/main.dir/home/mees/pico-sdk/src/rp2_common/hardware_sync_spin_lock/sync_spin_lock.c.o
                0x10000c7c                spin_locks_reset
 .text.runtime_init_per_core_irq_priorities
                0x10000c98       0x24 CMakeFiles/main.dir/home/mees/pico-sdk/src/rp2_common/hardware_irq/irq.c.o
                0x10000c98                runtime_init_per_core_irq_priorities
 .text.irq_set_enabled
                0x10000cbc       0x24 CMakeFiles/main.dir/home/mees/pico-sdk/src/rp2_common/hardware_irq/irq.c.o
                0x10000cbc                irq_set_enabled
 .text.irq_is_enabled
                0x10000ce0       0x18 CMakeFiles/main.dir/home/mees/pico-sdk/src/rp2_common/hardware_irq/irq.c.o
                0x10000ce0                irq_is_enabled
 .text.irq_set_pending
                0x10000cf8       0x10 CMakeFiles/main.dir/home/mees/pico-sdk/src/rp2_common/hardware_irq/irq.c.o
                0x10000cf8                irq_set_pending
 .text.irq_has_shared_handler
                0x10000d08       0x24 CMakeFiles/main.dir/home/mees/pico-sdk/src/rp2_common/hardware_irq/irq.c.o
                0x10000d08                irq_has_shared_handler
 .text.irq_set_exclusive_handler
                0x10000d2c       0x54 CMakeFiles/main.dir/home/mees/pico-sdk/src/rp2_common/hardware_irq/irq.c.o
                0x10000d2c                irq_set_exclusive_handler
 .text.irq_add_shared_handler
                0x10000d80      0x1f4 CMakeFiles/main.dir/home/mees/pico-sdk/src/rp2_common/hardware_irq/irq.c.o
                0x10000d80                irq_add_shared_handler
 .text.irq_remove_handler
                0x10000f74      0x1d4 CMakeFiles/main.dir/home/mees/pico-sdk/src/rp2_common/hardware_irq/irq.c.o
                0x10000f74                irq_remove_handler
 .text.irq_add_tail_to_free_list
                0x10001148       0xb4 CMakeFiles/main.dir/home/mees/pico-sdk/src/rp2_common/hardware_irq/irq.c.o
                0x10001148                irq_add_tail_to_free_list
 .text.user_irq_claim_unused
                0x100011fc       0x2c CMakeFiles/main.dir/home/mees/pico-sdk/src/rp2_common/hardware_irq/irq.c.o
                0x100011fc                user_irq_claim_unused
 .text.lock_init
                0x10001228       0x10 CMakeFiles/main.dir/home/mees/pico-sdk/src/common/pico_sync/lock_core.c.o
                0x10001228                lock_init
 .text.runtime_init_mutex
                0x10001238       0x50 CMakeFiles/main.dir/home/mees/pico-sdk/src/common/pico_sync/mutex.c.o
                0x10001238                runtime_init_mutex
 .text.mutex_init
                0x10001288       0x1c CMakeFiles/main.dir/home/mees/pico-sdk/src/common/pico_sync/mutex.c.o
                0x10001288                mutex_init
 .text.critical_section_init
                0x100012a4       0x1c CMakeFiles/main.dir/home/mees/pico-sdk/src/common/pico_sync/critical_section.c.o
                0x100012a4                critical_section_init
 .text.critical_section_init_with_lock_num
                0x100012c0       0x14 CMakeFiles/main.dir/home/mees/pico-sdk/src/common/pico_sync/critical_section.c.o
                0x100012c0                critical_section_init_with_lock_num
 .text.sleep_until_callback
                0x100012d4       0x30 CMakeFiles/main.dir/home/mees/pico-sdk/src/common/pico_time/time.c.o
 .text.alarm_pool_irq_handler
                0x10001304      0x300 CMakeFiles/main.dir/home/mees/pico-sdk/src/common/pico_time/time.c.o
 .text.runtime_init_default_alarm_pool
                0x10001604       0xdc CMakeFiles/main.dir/home/mees/pico-sdk/src/common/pico_time/time.c.o
                0x10001604                runtime_init_default_alarm_pool
 .text.alarm_pool_get_default
                0x100016e0        0x8 CMakeFiles/main.dir/home/mees/pico-sdk/src/common/pico_time/time.c.o
                0x100016e0                alarm_pool_get_default
 .text.alarm_pool_add_alarm_at
                0x100016e8       0xd0 CMakeFiles/main.dir/home/mees/pico-sdk/src/common/pico_time/time.c.o
                0x100016e8                alarm_pool_add_alarm_at
 .text.alarm_pool_add_alarm_at_force_in_context
                0x100017b8       0xb0 CMakeFiles/main.dir/home/mees/pico-sdk/src/common/pico_time/time.c.o
                0x100017b8                alarm_pool_add_alarm_at_force_in_context
 .text.alarm_pool_cancel_alarm
                0x10001868       0x74 CMakeFiles/main.dir/home/mees/pico-sdk/src/common/pico_time/time.c.o
                0x10001868                alarm_pool_cancel_alarm
 .text.alarm_pool_core_num
                0x100018dc        0x4 CMakeFiles/main.dir/home/mees/pico-sdk/src/common/pico_time/time.c.o
                0x100018dc                alarm_pool_core_num
 .text.sleep_ms
                0x100018e0       0xfc CMakeFiles/main.dir/home/mees/pico-sdk/src/common/pico_time/time.c.o
                0x100018e0                sleep_ms
 .text.best_effort_wfe_or_timeout
                0x100019dc      0x10c CMakeFiles/main.dir/home/mees/pico-sdk/src/common/pico_time/time.c.o
                0x100019dc                best_effort_wfe_or_timeout
 .text.timer_hardware_alarm_claim
                0x10001ae8       0x14 CMakeFiles/main.dir/home/mees/pico-sdk/src/rp2_common/hardware_timer/timer.c.o
                0x10001ae8                timer_hardware_alarm_claim
 .text.timer_time_us_64
                0x10001afc       0x10 CMakeFiles/main.dir/home/mees/pico-sdk/src/rp2_common/hardware_timer/timer.c.o
                0x10001afc                timer_time_us_64
 .text.time_us_64
                0x10001b0c       0x14 CMakeFiles/main.dir/home/mees/pico-sdk/src/rp2_common/hardware_timer/timer.c.o
                0x10001b0c                time_us_64
 .text.busy_wait_until
                0x10001b20       0x20 CMakeFiles/main.dir/home/mees/pico-sdk/src/rp2_common/hardware_timer/timer.c.o
                0x10001b20                busy_wait_until
 .text.clock_configure_int_divider
                0x10001b40       0xf4 CMakeFiles/main.dir/home/mees/pico-sdk/src/rp2_common/hardware_clocks/clocks.c.o
                0x10001b40                clock_configure_int_divider
 .text.clock_configure_undivided
                0x10001c34       0xe8 CMakeFiles/main.dir/home/mees/pico-sdk/src/rp2_common/hardware_clocks/clocks.c.o
                0x10001c34                clock_configure_undivided
 .text.clock_get_hz
                0x10001d1c        0xc CMakeFiles/main.dir/home/mees/pico-sdk/src/rp2_common/hardware_clocks/clocks.c.o
                0x10001d1c                clock_get_hz
 .text.pll_init
                0x10001d28       0xa4 CMakeFiles/main.dir/home/mees/pico-sdk/src/rp2_common/hardware_pll/pll.c.o
                0x10001d28                pll_init
 .text.watchdog_reboot
                0x10001dcc       0x9c CMakeFiles/main.dir/home/mees/pico-sdk/src/rp2_common/hardware_watchdog/watchdog.c.o
                0x10001dcc                watchdog_reboot
 .text.tick_start
                0x10001e68       0x10 CMakeFiles/main.dir/home/mees/pico-sdk/src/rp2_common/hardware_ticks/ticks.c.o
                0x10001e68                tick_start
 .text.rom_func_lookup
                0x10001e78       0x10 CMakeFiles/main.dir/home/mees/pico-sdk/src/rp2_common/pico_bootrom/bootrom.c.o
                0x10001e78                rom_func_lookup
 .text.rom_data_lookup
                0x10001e88       0x10 CMakeFiles/main.dir/home/mees/pico-sdk/src/rp2_common/pico_bootrom/bootrom.c.o
                0x10001e88                rom_data_lookup
 .text.rom_funcs_lookup
                0x10001e98       0x44 CMakeFiles/main.dir/home/mees/pico-sdk/src/rp2_common/pico_bootrom/bootrom.c.o
                0x10001e98                rom_funcs_lookup
 .text.rom_reset_usb_boot_extra
                0x10001edc       0x24 CMakeFiles/main.dir/home/mees/pico-sdk/src/rp2_common/pico_bootrom/bootrom.c.o
                0x10001edc                rom_reset_usb_boot_extra
 .text.xosc_init
                0x10001f00       0x28 CMakeFiles/main.dir/home/mees/pico-sdk/src/rp2_common/hardware_xosc/xosc.c.o
                0x10001f00                xosc_init
 .text.first_per_core_initializer
                0x10001f28        0x4 CMakeFiles/main.dir/home/mees/pico-sdk/src/rp2_common/pico_runtime/runtime.c.o
 .text.hard_assertion_failure
                0x10001f2c        0xc CMakeFiles/main.dir/home/mees/pico-sdk/src/rp2_common/pico_runtime/runtime.c.o
                0x10001f2c                hard_assertion_failure
 .text.runtime_run_initializers
                0x10001f38       0x28 CMakeFiles/main.dir/home/mees/pico-sdk/src/rp2_common/pico_runtime/runtime.c.o
                0x10001f38                runtime_run_initializers
 .text.runtime_init_early_resets
                0x10001f60       0x2c CMakeFiles/main.dir/home/mees/pico-sdk/src/rp2_common/pico_runtime_init/runtime_init.c.o
                0x10001f60                runtime_init_early_resets
 .text.runtime_init_usb_power_down
                0x10001f8c       0x1c CMakeFiles/main.dir/home/mees/pico-sdk/src/rp2_common/pico_runtime_init/runtime_init.c.o
                0x10001f8c                runtime_init_usb_power_down
 .text.runtime_init_post_clock_resets
                0x10001fa8       0x20 CMakeFiles/main.dir/home/mees/pico-sdk/src/rp2_common/pico_runtime_init/runtime_init.c.o
                0x10001fa8                runtime_init_post_clock_resets
 .text.runtime_init_rp2040_gpio_ie_disable
                0x10001fc8       0x14 CMakeFiles/main.dir/home/mees/pico-sdk/src/rp2_common/pico_runtime_init/runtime_init.c.o
                0x10001fc8                runtime_init_rp2040_gpio_ie_disable
 .text.runtime_init_spin_locks_reset
                0x10001fdc        0x8 CMakeFiles/main.dir/home/mees/pico-sdk/src/rp2_common/pico_runtime_init/runtime_init.c.o
                0x10001fdc                runtime_init_spin_locks_reset
 .text.runtime_init_install_ram_vector_table
                0x10001fe4       0xb4 CMakeFiles/main.dir/home/mees/pico-sdk/src/rp2_common/pico_runtime_init/runtime_init.c.o
                0x10001fe4                runtime_init_install_ram_vector_table
 .text.runtime_init_clocks
                0x10002098       0xd8 CMakeFiles/main.dir/home/mees/pico-sdk/src/rp2_common/pico_runtime_init/runtime_init_clocks.c.o
                0x10002098                runtime_init_clocks
 .text          0x10002170       0x10 CMakeFiles/main.dir/home/mees/pico-sdk/src/rp2_common/pico_bit_ops/bit_ops_aeabi.S.o
 .text.__wrap___aeabi_uidiv
                0x10002180       0x4c CMakeFiles/main.dir/home/mees/pico-sdk/src/rp2_common/pico_divider/divider_hardware.S.o
                0x10002180                __wrap___aeabi_uidiv
                0x10002180                __wrap___aeabi_uidivmod
                0x10002180                div_u32u32
                0x10002180                divmod_u32u32
                0x10002188                divmod_u32u32_unsafe
                0x100021b0                divmod_u32u32_savestate
 .text.missing_double_func_shim
                0x100021cc        0xc CMakeFiles/main.dir/home/mees/pico-sdk/src/rp2_common/pico_double/double_init_rom_rp2040.c.o
 .text.__aeabi_double_init
                0x100021d8       0xa0 CMakeFiles/main.dir/home/mees/pico-sdk/src/rp2_common/pico_double/double_init_rom_rp2040.c.o
                0x100021d8                __aeabi_double_init
 .text.double_table_shim_on_use_helper
                0x10002278       0x2c CMakeFiles/main.dir/home/mees/pico-sdk/src/rp2_common/pico_double/double_v1_rom_shim_rp2040.S.o
                0x10002278                double_table_shim_on_use_helper
 .text.__aeabi_lmul
                0x100022a4       0x32 CMakeFiles/main.dir/home/mees/pico-sdk/src/rp2_common/pico_int64_ops/pico_int64_ops_aeabi.S.o
                0x100022a4                __wrap___aeabi_lmul
 *fill*         0x100022d6        0x2 
 .text.__wrap___aeabi_farithmetic
                0x100022d8       0x48 CMakeFiles/main.dir/home/mees/pico-sdk/src/rp2_common/pico_float/float_aeabi_rp2040.S.o
                0x100022d8                __wrap___aeabi_frsub
                0x100022de                __wrap___aeabi_fsub
                0x100022e4                __wrap___aeabi_fadd
                0x100022ea                __wrap___aeabi_fdiv
                0x10002312                __wrap___aeabi_fmul
 .text.__wrap___aeabi_f2iz
                0x10002320       0x4e CMakeFiles/main.dir/home/mees/pico-sdk/src/rp2_common/pico_float/float_aeabi_rp2040.S.o
                0x10002320                __wrap___aeabi_f2iz
                0x10002320                float2int_z
 *fill*         0x1000236e        0x2 
 .text.float2int
                0x10002370        0xc CMakeFiles/main.dir/home/mees/pico-sdk/src/rp2_common/pico_float/float_aeabi_rp2040.S.o
                0x10002370                float2int
 .text.__wrap___aeabi_f2uiz
                0x1000237c        0xc CMakeFiles/main.dir/home/mees/pico-sdk/src/rp2_common/pico_float/float_aeabi_rp2040.S.o
                0x1000237c                float2uint
                0x1000237c                float2uint_z
                0x1000237c                __wrap___aeabi_f2uiz
 .text.missing_float_func_shim
                0x10002388        0xc CMakeFiles/main.dir/home/mees/pico-sdk/src/rp2_common/pico_float/float_init_rom_rp2040.c.o
 .text.__aeabi_float_init
                0x10002394       0x5c CMakeFiles/main.dir/home/mees/pico-sdk/src/rp2_common/pico_float/float_init_rom_rp2040.c.o
                0x10002394                __aeabi_float_init
 .text          0x100023f0       0x10 CMakeFiles/main.dir/home/mees/pico-sdk/src/rp2_common/pico_mem_ops/mem_ops_aeabi.S.o
                0x100023f0                __aeabi_mem_init
 .text.memset   0x10002400        0xc CMakeFiles/main.dir/home/mees/pico-sdk/src/rp2_common/pico_mem_ops/mem_ops_aeabi.S.o
                0x10002400                __wrap_memset
 .text.memcpy   0x1000240c        0xc CMakeFiles/main.dir/home/mees/pico-sdk/src/rp2_common/pico_mem_ops/mem_ops_aeabi.S.o
                0x1000240c                __wrap___aeabi_memcpy
                0x1000240c                __wrap_memcpy
 .text._out_char
                0x10002418       0x10 CMakeFiles/main.dir/home/mees/pico-sdk/src/rp2_common/pico_printf/printf.c.o
 .text.weak_raw_vprintf
                0x10002428       0x30 CMakeFiles/main.dir/home/mees/pico-sdk/src/rp2_common/pico_printf/printf.c.o
                0x10002428                weak_raw_vprintf
 .text._exit    0x10002458        0x4 CMakeFiles/main.dir/home/mees/pico-sdk/src/rp2_common/pico_clib_interface/newlib_interface.c.o
                0x10002458                _exit
 .text.exit     0x1000245c        0x8 CMakeFiles/main.dir/home/mees/pico-sdk/src/rp2_common/pico_clib_interface/newlib_interface.c.o
                0x1000245c                exit
 .text.runtime_init
                0x10002464       0x2c CMakeFiles/main.dir/home/mees/pico-sdk/src/rp2_common/pico_clib_interface/newlib_interface.c.o
                0x10002464                runtime_init
 .text.stdio_out_chars_no_crlf
                0x10002490       0x10 CMakeFiles/main.dir/home/mees/pico-sdk/src/rp2_common/pico_stdio/stdio.c.o
 .text.stdio_out_chars_crlf
                0x100024a0       0x10 CMakeFiles/main.dir/home/mees/pico-sdk/src/rp2_common/pico_stdio/stdio.c.o
 .text.stdio_put_string
                0x100024b0       0xfc CMakeFiles/main.dir/home/mees/pico-sdk/src/rp2_common/pico_stdio/stdio.c.o
                0x100024b0                stdio_put_string
 .text.stdio_set_driver_enabled
                0x100025ac       0x30 CMakeFiles/main.dir/home/mees/pico-sdk/src/rp2_common/pico_stdio/stdio.c.o
                0x100025ac                stdio_set_driver_enabled
 .text.stdio_init_all
                0x100025dc        0x8 CMakeFiles/main.dir/home/mees/pico-sdk/src/rp2_common/pico_stdio/stdio.c.o
                0x100025dc                stdio_init_all
 .text.__wrap_putchar
                0x100025e4       0x94 CMakeFiles/main.dir/home/mees/pico-sdk/src/rp2_common/pico_stdio/stdio.c.o
                0x100025e4                stdio_putchar
                0x100025e4                __wrap_putchar
 .text.__wrap_puts
                0x10002678       0x3c CMakeFiles/main.dir/home/mees/pico-sdk/src/rp2_common/pico_stdio/stdio.c.o
                0x10002678                __wrap_puts
                0x10002678                stdio_puts
 .text.resetd_init
                0x100026b4        0x4 CMakeFiles/main.dir/home/mees/pico-sdk/src/rp2_common/pico_stdio_usb/reset_interface.c.o
 .text.resetd_reset
                0x100026b8        0xc CMakeFiles/main.dir/home/mees/pico-sdk/src/rp2_common/pico_stdio_usb/reset_interface.c.o
 .text.resetd_open
                0x100026c4       0x28 CMakeFiles/main.dir/home/mees/pico-sdk/src/rp2_common/pico_stdio_usb/reset_interface.c.o
 .text.resetd_xfer_cb
                0x100026ec        0x4 CMakeFiles/main.dir/home/mees/pico-sdk/src/rp2_common/pico_stdio_usb/reset_interface.c.o
 .text.resetd_control_xfer_cb
                0x100026f0       0x54 CMakeFiles/main.dir/home/mees/pico-sdk/src/rp2_common/pico_stdio_usb/reset_interface.c.o
 .text.tud_descriptor_bos_cb
                0x10002744        0x8 CMakeFiles/main.dir/home/mees/pico-sdk/src/rp2_common/pico_stdio_usb/reset_interface.c.o
                0x10002744                tud_descriptor_bos_cb
 .text.tud_vendor_control_xfer_cb
                0x1000274c       0x34 CMakeFiles/main.dir/home/mees/pico-sdk/src/rp2_common/pico_stdio_usb/reset_interface.c.o
                0x1000274c                tud_vendor_control_xfer_cb
 .text.usbd_app_driver_get_cb
                0x10002780        0xc CMakeFiles/main.dir/home/mees/pico-sdk/src/rp2_common/pico_stdio_usb/reset_interface.c.o
                0x10002780                usbd_app_driver_get_cb
 .text.tud_cdc_line_coding_cb
                0x1000278c       0x2c CMakeFiles/main.dir/home/mees/pico-sdk/src/rp2_common/pico_stdio_usb/reset_interface.c.o
                0x1000278c                tud_cdc_line_coding_cb
 .text.stdio_usb_set_chars_available_callback
                0x100027b8       0x14 CMakeFiles/main.dir/home/mees/pico-sdk/src/rp2_common/pico_stdio_usb/stdio_usb.c.o
                0x100027b8                stdio_usb_set_chars_available_callback
 .text.usb_irq  0x100027cc       0x10 CMakeFiles/main.dir/home/mees/pico-sdk/src/rp2_common/pico_stdio_usb/stdio_usb.c.o
 .text.timer_task
                0x100027dc       0x64 CMakeFiles/main.dir/home/mees/pico-sdk/src/rp2_common/pico_stdio_usb/stdio_usb.c.o
 .text.stdio_usb_in_chars
                0x10002840       0x8c CMakeFiles/main.dir/home/mees/pico-sdk/src/rp2_common/pico_stdio_usb/stdio_usb.c.o
                0x10002840                stdio_usb_in_chars
 .text.stdio_usb_out_flush
                0x100028cc       0x4c CMakeFiles/main.dir/home/mees/pico-sdk/src/rp2_common/pico_stdio_usb/stdio_usb.c.o
 .text.stdio_usb_out_chars
                0x10002918      0x100 CMakeFiles/main.dir/home/mees/pico-sdk/src/rp2_common/pico_stdio_usb/stdio_usb.c.o
 .text.low_priority_worker_irq
                0x10002a18       0xc8 CMakeFiles/main.dir/home/mees/pico-sdk/src/rp2_common/pico_stdio_usb/stdio_usb.c.o
 .text.stdio_usb_init
                0x10002ae0       0xe8 CMakeFiles/main.dir/home/mees/pico-sdk/src/rp2_common/pico_stdio_usb/stdio_usb.c.o
                0x10002ae0                stdio_usb_init
 .text.tud_descriptor_device_cb
                0x10002bc8        0x8 CMakeFiles/main.dir/home/mees/pico-sdk/src/rp2_common/pico_stdio_usb/stdio_usb_descriptors.c.o
                0x10002bc8                tud_descriptor_device_cb
 .text.tud_descriptor_configuration_cb
                0x10002bd0        0x8 CMakeFiles/main.dir/home/mees/pico-sdk/src/rp2_common/pico_stdio_usb/stdio_usb_descriptors.c.o
                0x10002bd0                tud_descriptor_configuration_cb
 .text.tud_descriptor_string_cb
                0x10002bd8       0x78 CMakeFiles/main.dir/home/mees/pico-sdk/src/rp2_common/pico_stdio_usb/stdio_usb_descriptors.c.o
                0x10002bd8                tud_descriptor_string_cb
 .text.startup._retrieve_unique_id_on_boot
                0x10002c50       0x10 CMakeFiles/main.dir/home/mees/pico-sdk/src/rp2_common/pico_unique_id/unique_id.c.o
 .text.pico_get_unique_board_id_string
                0x10002c60      0x1a8 CMakeFiles/main.dir/home/mees/pico-sdk/src/rp2_common/pico_unique_id/unique_id.c.o
                0x10002c60                pico_get_unique_board_id_string
 .text.flash_get_unique_id
                0x10002e08       0x3c CMakeFiles/main.dir/home/mees/pico-sdk/src/rp2_common/hardware_flash/flash.c.o
                0x10002e08                flash_get_unique_id
 .text.dcd_init
                0x10002e44       0x90 CMakeFiles/main.dir/home/mees/pico-sdk/lib/tinyusb/src/portable/raspberrypi/rp2040/dcd_rp2040.c.o
                0x10002e44                dcd_init
 .text.dcd_int_enable
                0x10002ed4        0xc CMakeFiles/main.dir/home/mees/pico-sdk/lib/tinyusb/src/portable/raspberrypi/rp2040/dcd_rp2040.c.o
                0x10002ed4                dcd_int_enable
 .text.dcd_set_address
                0x10002ee0       0x14 CMakeFiles/main.dir/home/mees/pico-sdk/lib/tinyusb/src/portable/raspberrypi/rp2040/dcd_rp2040.c.o
                0x10002ee0                dcd_set_address
 .text.dcd_sof_enable
                0x10002ef4       0x1c CMakeFiles/main.dir/home/mees/pico-sdk/lib/tinyusb/src/portable/raspberrypi/rp2040/dcd_rp2040.c.o
                0x10002ef4                dcd_sof_enable
 .text.dcd_edpt0_status_complete
                0x10002f10       0x1c CMakeFiles/main.dir/home/mees/pico-sdk/lib/tinyusb/src/portable/raspberrypi/rp2040/dcd_rp2040.c.o
                0x10002f10                dcd_edpt0_status_complete
 .text.dcd_edpt_open
                0x10002f2c      0x114 CMakeFiles/main.dir/home/mees/pico-sdk/lib/tinyusb/src/portable/raspberrypi/rp2040/dcd_rp2040.c.o
                0x10002f2c                dcd_edpt_open
 .text.dcd_edpt_close_all
                0x10003040        0x8 CMakeFiles/main.dir/home/mees/pico-sdk/lib/tinyusb/src/portable/raspberrypi/rp2040/dcd_rp2040.c.o
                0x10003040                dcd_edpt_close_all
 .text.dcd_edpt_xfer
                0x10003048       0x24 CMakeFiles/main.dir/home/mees/pico-sdk/lib/tinyusb/src/portable/raspberrypi/rp2040/dcd_rp2040.c.o
                0x10003048                dcd_edpt_xfer
 .text.dcd_edpt_stall
                0x1000306c       0x3c CMakeFiles/main.dir/home/mees/pico-sdk/lib/tinyusb/src/portable/raspberrypi/rp2040/dcd_rp2040.c.o
                0x1000306c                dcd_edpt_stall
 .text.dcd_edpt_clear_stall
                0x100030a8       0x30 CMakeFiles/main.dir/home/mees/pico-sdk/lib/tinyusb/src/portable/raspberrypi/rp2040/dcd_rp2040.c.o
                0x100030a8                dcd_edpt_clear_stall
 .text.rp2040_usb_init
                0x100030d8       0x40 CMakeFiles/main.dir/home/mees/pico-sdk/lib/tinyusb/src/portable/raspberrypi/rp2040/rp2040_usb.c.o
                0x100030d8                rp2040_usb_init
 .text.hw_endpoint_xfer_start
                0x10003118       0x40 CMakeFiles/main.dir/home/mees/pico-sdk/lib/tinyusb/src/portable/raspberrypi/rp2040/rp2040_usb.c.o
                0x10003118                hw_endpoint_xfer_start
 .text.tud_event_hook_cb
                0x10003158        0x4 CMakeFiles/main.dir/home/mees/pico-sdk/lib/tinyusb/src/device/usbd.c.o
                0x10003158                tud_event_hook_cb
 .text.tud_sof_cb
                0x1000315c        0x4 CMakeFiles/main.dir/home/mees/pico-sdk/lib/tinyusb/src/device/usbd.c.o
                0x1000315c                tud_sof_cb
 .text.tud_descriptor_device_qualifier_cb
                0x10003160        0x4 CMakeFiles/main.dir/home/mees/pico-sdk/lib/tinyusb/src/device/usbd.c.o
                0x10003160                tud_descriptor_device_qualifier_cb
 .text.tud_descriptor_other_speed_configuration_cb
                0x10003164        0x4 CMakeFiles/main.dir/home/mees/pico-sdk/lib/tinyusb/src/device/usbd.c.o
                0x10003164                tud_descriptor_other_speed_configuration_cb
 .text.tud_mount_cb
                0x10003168        0x4 CMakeFiles/main.dir/home/mees/pico-sdk/lib/tinyusb/src/device/usbd.c.o
                0x10003168                tud_mount_cb
 .text.tud_umount_cb
                0x1000316c        0x4 CMakeFiles/main.dir/home/mees/pico-sdk/lib/tinyusb/src/device/usbd.c.o
                0x1000316c                tud_umount_cb
 .text.tud_suspend_cb
                0x10003170        0x4 CMakeFiles/main.dir/home/mees/pico-sdk/lib/tinyusb/src/device/usbd.c.o
                0x10003170                tud_suspend_cb
 .text.tud_resume_cb
                0x10003174        0x4 CMakeFiles/main.dir/home/mees/pico-sdk/lib/tinyusb/src/device/usbd.c.o
                0x10003174                tud_resume_cb
 .text.tud_mounted
                0x10003178       0x10 CMakeFiles/main.dir/home/mees/pico-sdk/lib/tinyusb/src/device/usbd.c.o
                0x10003178                tud_mounted
 .text.tud_suspended
                0x10003188       0x10 CMakeFiles/main.dir/home/mees/pico-sdk/lib/tinyusb/src/device/usbd.c.o
                0x10003188                tud_suspended
 .text.tud_rhport_init
                0x10003198       0xf4 CMakeFiles/main.dir/home/mees/pico-sdk/lib/tinyusb/src/device/usbd.c.o
                0x10003198                tud_rhport_init
 .text.tud_task_ext
                0x1000328c      0x800 CMakeFiles/main.dir/home/mees/pico-sdk/lib/tinyusb/src/device/usbd.c.o
                0x1000328c                tud_task_ext
 .text.usbd_open_edpt_pair
                0x10003a8c       0x9c CMakeFiles/main.dir/home/mees/pico-sdk/lib/tinyusb/src/device/usbd.c.o
                0x10003a8c                usbd_open_edpt_pair
 .text.usbd_edpt_open
                0x10003b28       0x34 CMakeFiles/main.dir/home/mees/pico-sdk/lib/tinyusb/src/device/usbd.c.o
                0x10003b28                usbd_edpt_open
 .text.usbd_edpt_claim
                0x10003b5c       0x28 CMakeFiles/main.dir/home/mees/pico-sdk/lib/tinyusb/src/device/usbd.c.o
                0x10003b5c                usbd_edpt_claim
 .text.usbd_edpt_release
                0x10003b84       0x28 CMakeFiles/main.dir/home/mees/pico-sdk/lib/tinyusb/src/device/usbd.c.o
                0x10003b84                usbd_edpt_release
 .text.usbd_edpt_xfer
                0x10003bac       0x4c CMakeFiles/main.dir/home/mees/pico-sdk/lib/tinyusb/src/device/usbd.c.o
                0x10003bac                usbd_edpt_xfer
 .text.tud_control_status
                0x10003bf8       0x2c CMakeFiles/main.dir/home/mees/pico-sdk/lib/tinyusb/src/device/usbd_control.c.o
                0x10003bf8                tud_control_status
 .text.tud_control_xfer
                0x10003c24       0xa8 CMakeFiles/main.dir/home/mees/pico-sdk/lib/tinyusb/src/device/usbd_control.c.o
                0x10003c24                tud_control_xfer
 .text.usbd_control_reset
                0x10003ccc       0x14 CMakeFiles/main.dir/home/mees/pico-sdk/lib/tinyusb/src/device/usbd_control.c.o
                0x10003ccc                usbd_control_reset
 .text.usbd_control_set_complete_callback
                0x10003ce0        0xc CMakeFiles/main.dir/home/mees/pico-sdk/lib/tinyusb/src/device/usbd_control.c.o
                0x10003ce0                usbd_control_set_complete_callback
 .text.usbd_control_set_request
                0x10003cec       0x1c CMakeFiles/main.dir/home/mees/pico-sdk/lib/tinyusb/src/device/usbd_control.c.o
                0x10003cec                usbd_control_set_request
 .text.usbd_control_xfer_cb
                0x10003d08       0xec CMakeFiles/main.dir/home/mees/pico-sdk/lib/tinyusb/src/device/usbd_control.c.o
                0x10003d08                usbd_control_xfer_cb
 .text._prep_out_transaction.isra.0
                0x10003df4       0x6c CMakeFiles/main.dir/home/mees/pico-sdk/lib/tinyusb/src/class/cdc/cdc_device.c.o
 .text.tud_cdc_n_connected
                0x10003e60       0x2c CMakeFiles/main.dir/home/mees/pico-sdk/lib/tinyusb/src/class/cdc/cdc_device.c.o
                0x10003e60                tud_cdc_n_connected
 .text.tud_cdc_n_available
                0x10003e8c       0x14 CMakeFiles/main.dir/home/mees/pico-sdk/lib/tinyusb/src/class/cdc/cdc_device.c.o
                0x10003e8c                tud_cdc_n_available
 .text.tud_cdc_n_read
                0x10003ea0       0x88 CMakeFiles/main.dir/home/mees/pico-sdk/lib/tinyusb/src/class/cdc/cdc_device.c.o
                0x10003ea0                tud_cdc_n_read
 .text.tud_cdc_n_write_flush
                0x10003f28       0x74 CMakeFiles/main.dir/home/mees/pico-sdk/lib/tinyusb/src/class/cdc/cdc_device.c.o
                0x10003f28                tud_cdc_n_write_flush
 .text.tud_cdc_n_write
                0x10003f9c       0x40 CMakeFiles/main.dir/home/mees/pico-sdk/lib/tinyusb/src/class/cdc/cdc_device.c.o
                0x10003f9c                tud_cdc_n_write
 .text.tud_cdc_n_write_available
                0x10003fdc       0x14 CMakeFiles/main.dir/home/mees/pico-sdk/lib/tinyusb/src/class/cdc/cdc_device.c.o
                0x10003fdc                tud_cdc_n_write_available
 .text.cdcd_init
                0x10003ff0       0x70 CMakeFiles/main.dir/home/mees/pico-sdk/lib/tinyusb/src/class/cdc/cdc_device.c.o
                0x10003ff0                cdcd_init
 .text.cdcd_deinit
                0x10004060       0x30 CMakeFiles/main.dir/home/mees/pico-sdk/lib/tinyusb/src/class/cdc/cdc_device.c.o
                0x10004060                cdcd_deinit
 .text.cdcd_reset
                0x10004090       0x4c CMakeFiles/main.dir/home/mees/pico-sdk/lib/tinyusb/src/class/cdc/cdc_device.c.o
                0x10004090                cdcd_reset
 .text.cdcd_open
                0x100040dc       0xa4 CMakeFiles/main.dir/home/mees/pico-sdk/lib/tinyusb/src/class/cdc/cdc_device.c.o
                0x100040dc                cdcd_open
 .text.cdcd_control_xfer_cb
                0x10004180       0xe8 CMakeFiles/main.dir/home/mees/pico-sdk/lib/tinyusb/src/class/cdc/cdc_device.c.o
                0x10004180                cdcd_control_xfer_cb
 .text.cdcd_xfer_cb
                0x10004268      0x100 CMakeFiles/main.dir/home/mees/pico-sdk/lib/tinyusb/src/class/cdc/cdc_device.c.o
                0x10004268                cdcd_xfer_cb
 .text.vendord_init
                0x10004368       0x5c CMakeFiles/main.dir/home/mees/pico-sdk/lib/tinyusb/src/class/vendor/vendor_device.c.o
                0x10004368                vendord_init
 .text.vendord_deinit
                0x100043c4       0x1c CMakeFiles/main.dir/home/mees/pico-sdk/lib/tinyusb/src/class/vendor/vendor_device.c.o
                0x100043c4                vendord_deinit
 .text.vendord_reset
                0x100043e0       0x28 CMakeFiles/main.dir/home/mees/pico-sdk/lib/tinyusb/src/class/vendor/vendor_device.c.o
                0x100043e0                vendord_reset
 .text.vendord_open
                0x10004408      0x120 CMakeFiles/main.dir/home/mees/pico-sdk/lib/tinyusb/src/class/vendor/vendor_device.c.o
                0x10004408                vendord_open
 .text.vendord_xfer_cb
                0x10004528       0x9c CMakeFiles/main.dir/home/mees/pico-sdk/lib/tinyusb/src/class/vendor/vendor_device.c.o
                0x10004528                vendord_xfer_cb
 .text.tusb_rhport_init
                0x100045c4       0x4c CMakeFiles/main.dir/home/mees/pico-sdk/lib/tinyusb/src/tusb.c.o
                0x100045c4                tusb_rhport_init
 .text.tu_edpt_claim
                0x10004610       0x50 CMakeFiles/main.dir/home/mees/pico-sdk/lib/tinyusb/src/tusb.c.o
                0x10004610                tu_edpt_claim
 .text.tu_edpt_release
                0x10004660       0x38 CMakeFiles/main.dir/home/mees/pico-sdk/lib/tinyusb/src/tusb.c.o
                0x10004660                tu_edpt_release
 .text.tu_edpt_validate
                0x10004698       0x7c CMakeFiles/main.dir/home/mees/pico-sdk/lib/tinyusb/src/tusb.c.o
                0x10004698                tu_edpt_validate
 .text.tu_edpt_bind_driver
                0x10004714       0x34 CMakeFiles/main.dir/home/mees/pico-sdk/lib/tinyusb/src/tusb.c.o
                0x10004714                tu_edpt_bind_driver
 .text.tu_edpt_stream_init
                0x10004748       0x6c CMakeFiles/main.dir/home/mees/pico-sdk/lib/tinyusb/src/tusb.c.o
                0x10004748                tu_edpt_stream_init
 .text.tu_edpt_stream_deinit
                0x100047b4        0x4 CMakeFiles/main.dir/home/mees/pico-sdk/lib/tinyusb/src/tusb.c.o
                0x100047b4                tu_edpt_stream_deinit
 .text.tu_edpt_stream_write_zlp_if_needed
                0x100047b8       0x68 CMakeFiles/main.dir/home/mees/pico-sdk/lib/tinyusb/src/tusb.c.o
                0x100047b8                tu_edpt_stream_write_zlp_if_needed
 .text.tu_edpt_stream_write_xfer
                0x10004820       0x68 CMakeFiles/main.dir/home/mees/pico-sdk/lib/tinyusb/src/tusb.c.o
                0x10004820                tu_edpt_stream_write_xfer
 .text.tu_edpt_stream_read_xfer
                0x10004888       0xd8 CMakeFiles/main.dir/home/mees/pico-sdk/lib/tinyusb/src/tusb.c.o
                0x10004888                tu_edpt_stream_read_xfer
 .text.tu_fifo_config
                0x10004960       0x6c CMakeFiles/main.dir/home/mees/pico-sdk/lib/tinyusb/src/common/tusb_fifo.c.o
                0x10004960                tu_fifo_config
 .text.tu_fifo_count
                0x100049cc       0x2c CMakeFiles/main.dir/home/mees/pico-sdk/lib/tinyusb/src/common/tusb_fifo.c.o
                0x100049cc                tu_fifo_count
 .text.tu_fifo_empty
                0x100049f8       0x10 CMakeFiles/main.dir/home/mees/pico-sdk/lib/tinyusb/src/common/tusb_fifo.c.o
                0x100049f8                tu_fifo_empty
 .text.tu_fifo_remaining
                0x10004a08       0x2c CMakeFiles/main.dir/home/mees/pico-sdk/lib/tinyusb/src/common/tusb_fifo.c.o
                0x10004a08                tu_fifo_remaining
 .text.tu_fifo_read
                0x10004a34       0x9c CMakeFiles/main.dir/home/mees/pico-sdk/lib/tinyusb/src/common/tusb_fifo.c.o
                0x10004a34                tu_fifo_read
 .text.tu_fifo_read_n
                0x10004ad0       0xe8 CMakeFiles/main.dir/home/mees/pico-sdk/lib/tinyusb/src/common/tusb_fifo.c.o
                0x10004ad0                tu_fifo_read_n
 .text.tu_fifo_write
                0x10004bb8       0xa4 CMakeFiles/main.dir/home/mees/pico-sdk/lib/tinyusb/src/common/tusb_fifo.c.o
                0x10004bb8                tu_fifo_write
 .text.tu_fifo_write_n
                0x10004c5c      0x178 CMakeFiles/main.dir/home/mees/pico-sdk/lib/tinyusb/src/common/tusb_fifo.c.o
                0x10004c5c                tu_fifo_write_n
 .text.tu_fifo_clear
                0x10004dd4       0x40 CMakeFiles/main.dir/home/mees/pico-sdk/lib/tinyusb/src/common/tusb_fifo.c.o
                0x10004dd4                tu_fifo_clear
 .text.tu_fifo_set_overwritable
                0x10004e14       0x48 CMakeFiles/main.dir/home/mees/pico-sdk/lib/tinyusb/src/common/tusb_fifo.c.o
                0x10004e14                tu_fifo_set_overwritable
 .text.atexit   0x10004e5c       0x10 /usr/lib/gcc/arm-none-eabi/14.2.0/../../../../arm-none-eabi/lib/thumb/v6-m/nofp/libg.a(libc_a-atexit.o)
                0x10004e5c                atexit
 .text.__libc_fini_array
                0x10004e6c       0x28 /usr/lib/gcc/arm-none-eabi/14.2.0/../../../../arm-none-eabi/lib/thumb/v6-m/nofp/libg.a(libc_a-fini.o)
                0x10004e6c                __libc_fini_array
 .text.__retarget_lock_acquire_recursive
                0x10004e94        0x4 /usr/lib/gcc/arm-none-eabi/14.2.0/../../../../arm-none-eabi/lib/thumb/v6-m/nofp/libg.a(libc_a-lock.o)
                0x10004e94                __retarget_lock_acquire_recursive
 .text.__retarget_lock_release_recursive
                0x10004e98        0x4 /usr/lib/gcc/arm-none-eabi/14.2.0/../../../../arm-none-eabi/lib/thumb/v6-m/nofp/libg.a(libc_a-lock.o)
                0x10004e98                __retarget_lock_release_recursive
 .text.strlen   0x10004e9c       0x5c /usr/lib/gcc/arm-none-eabi/14.2.0/../../../../arm-none-eabi/lib/thumb/v6-m/nofp/libg.a(libc_a-strlen-stub.o)
                0x10004e9c                strlen
 .text.__register_exitproc
                0x10004ef8       0xa8 /usr/lib/gcc/arm-none-eabi/14.2.0/../../../../arm-none-eabi/lib/thumb/v6-m/nofp/libg.a(libc_a-__atexit.o)
                0x10004ef8                __register_exitproc
 .text.startup.register_fini
                0x10004fa0       0x18 /usr/lib/gcc/arm-none-eabi/14.2.0/../../../../arm-none-eabi/lib/thumb/v6-m/nofp/libg.a(libc_a-__call_atexit.o)
 *(.fini)
 .fini          0x10004fb8        0x4 /usr/lib/gcc/arm-none-eabi/14.2.0/thumb/v6-m/nofp/crti.o
                0x10004fb8                _fini
 *fill*         0x10004fbc        0x4 
 .fini.__stub   0x10004fc0       0xb0 linker stubs
 *crtbegin.o(.ctors)
 *crtbegin?.o(.ctors)
 *(EXCLUDE_FILE(*crtend.o *crtend?.o) .ctors)
 *(SORT_BY_NAME(.ctors.*))
 *(.ctors)
 *crtbegin.o(.dtors)
 *crtbegin?.o(.dtors)
 *(EXCLUDE_FILE(*crtend.o *crtend?.o) .dtors)
 *(SORT_BY_NAME(.dtors.*))
 *(.dtors)
                0x10005070                        . = ALIGN (0x4)
                0x10005070                        PROVIDE (__preinit_array_start = .)
 *(SORT_BY_NAME(.preinit_array.*))
 .preinit_array.00100
                0x10005070        0x4 CMakeFiles/main.dir/home/mees/pico-sdk/src/rp2_common/pico_runtime_init/runtime_init.c.o
                0x10005070                __pre_init_runtime_init_early_resets
 .preinit_array.00101
                0x10005074        0x4 CMakeFiles/main.dir/home/mees/pico-sdk/src/rp2_common/pico_runtime_init/runtime_init.c.o
                0x10005074                __pre_init_runtime_init_usb_power_down
 .preinit_array.00275
                0x10005078        0x4 CMakeFiles/main.dir/home/mees/pico-sdk/src/rp2_common/pico_bit_ops/bit_ops_aeabi.S.o
 .preinit_array.00300
                0x1000507c        0x4 CMakeFiles/main.dir/home/mees/pico-sdk/src/rp2_common/pico_mem_ops/mem_ops_aeabi.S.o
 .preinit_array.00350
                0x10005080        0x4 CMakeFiles/main.dir/home/mees/pico-sdk/src/rp2_common/pico_double/double_aeabi_rp2040.S.o
 .preinit_array.00350
                0x10005084        0x4 CMakeFiles/main.dir/home/mees/pico-sdk/src/rp2_common/pico_float/float_aeabi_rp2040.S.o
 .preinit_array.00500
                0x10005088        0x4 CMakeFiles/main.dir/home/mees/pico-sdk/src/rp2_common/pico_runtime_init/runtime_init.c.o
                0x10005088                __pre_init_runtime_init_clocks
 .preinit_array.00600
                0x1000508c        0x4 CMakeFiles/main.dir/home/mees/pico-sdk/src/rp2_common/pico_runtime_init/runtime_init.c.o
                0x1000508c                __pre_init_runtime_init_post_clock_resets
 .preinit_array.00700
                0x10005090        0x4 CMakeFiles/main.dir/home/mees/pico-sdk/src/rp2_common/pico_runtime_init/runtime_init.c.o
                0x10005090                __pre_init_runtime_init_rp2040_gpio_ie_disable
 .preinit_array.01000
                0x10005094        0x4 CMakeFiles/main.dir/home/mees/pico-sdk/src/rp2_common/pico_runtime_init/runtime_init.c.o
                0x10005094                __pre_init_runtime_init_spin_locks_reset
 .preinit_array.01100
                0x10005098        0x4 CMakeFiles/main.dir/home/mees/pico-sdk/src/common/pico_sync/mutex.c.o
                0x10005098                __pre_init_runtime_init_mutex
 .preinit_array.10080
                0x1000509c        0x4 CMakeFiles/main.dir/home/mees/pico-sdk/src/rp2_common/pico_runtime_init/runtime_init.c.o
                0x1000509c                __pre_init_runtime_init_install_ram_vector_table
 .preinit_array.11000
                0x100050a0        0x4 CMakeFiles/main.dir/home/mees/pico-sdk/src/common/pico_time/time.c.o
                0x100050a0                __pre_init_runtime_init_default_alarm_pool
 .preinit_array.YYYYY
                0x100050a4        0x4 CMakeFiles/main.dir/home/mees/pico-sdk/src/rp2_common/pico_runtime/runtime.c.o
                0x100050a4                __pre_init_first_per_core_initializer
 .preinit_array.ZZZZZ.01200
                0x100050a8        0x4 CMakeFiles/main.dir/home/mees/pico-sdk/src/rp2_common/hardware_irq/irq.c.o
                0x100050a8                __pre_init_runtime_init_per_core_irq_priorities
 *(.preinit_array)
                0x100050ac                        PROVIDE (__preinit_array_end = .)
                0x100050ac                        . = ALIGN (0x4)
                0x100050ac                        PROVIDE (__init_array_start = .)
 *(SORT_BY_NAME(.init_array.*))
 .init_array.00000
                0x100050ac        0x4 /usr/lib/gcc/arm-none-eabi/14.2.0/../../../../arm-none-eabi/lib/thumb/v6-m/nofp/libg.a(libc_a-__call_atexit.o)
 .init_array.01000
                0x100050b0        0x4 CMakeFiles/main.dir/home/mees/pico-sdk/src/rp2_common/pico_unique_id/unique_id.c.o
 *(.init_array)
 .init_array    0x100050b4        0x4 /usr/lib/gcc/arm-none-eabi/14.2.0/thumb/v6-m/nofp/crtbegin.o
                0x100050b8                        PROVIDE (__init_array_end = .)
                0x100050b8                        . = ALIGN (0x4)
                0x100050b8                        PROVIDE (__fini_array_start = .)
 *(SORT_BY_NAME(.fini_array.*))
 *(.fini_array)
                0x100050b8                        PROVIDE (__fini_array_end = .)
 *(.eh_frame*)
 .eh_frame      0x100050b8        0x0 /usr/lib/gcc/arm-none-eabi/14.2.0/thumb/v6-m/nofp/crtbegin.o
                0x100050b8                        . = ALIGN (0x4)

.glue_7         0x100050b8        0x0
 .glue_7        0x100050b8        0x0 linker stubs

.glue_7t        0x100050b8        0x0
 .glue_7t       0x100050b8        0x0 linker stubs

.vfp11_veneer   0x100050b8        0x0
 .vfp11_veneer  0x100050b8        0x0 linker stubs

.v4_bx          0x100050b8        0x0
 .v4_bx         0x100050b8        0x0 linker stubs

.iplt           0x100050b8        0x0
 .iplt          0x100050b8        0x0 /usr/lib/gcc/arm-none-eabi/14.2.0/thumb/v6-m/nofp/crtbegin.o

.rodata         0x100050b8      0x420
 *(EXCLUDE_FILE(*libm.a: *libc.a:*lib_a-mem*.o *libgcc.a:) .rodata*)
 .rodata.panic.str1.4
                0x100050b8      0x16c CMakeFiles/main.dir/home/mees/pico-sdk/src/rp2_common/pico_platform_panic/panic.c.o
                                 0x12 (size before relaxing)
 .rodata.spin_lock_claim_unused.str1.4
                0x10005224       0x1b CMakeFiles/main.dir/home/mees/pico-sdk/src/rp2_common/hardware_sync/sync.c.o
 .rodata.user_irq_claim_unused.str1.4
                0x10005224       0x1b CMakeFiles/main.dir/home/mees/pico-sdk/src/rp2_common/hardware_irq/irq.c.o
 .rodata.timer_hardware_alarm_claim.str1.4
                0x10005224       0x22 CMakeFiles/main.dir/home/mees/pico-sdk/src/rp2_common/hardware_timer/timer.c.o
 .rodata.hard_assertion_failure.str1.4
                0x10005224        0xc CMakeFiles/main.dir/home/mees/pico-sdk/src/rp2_common/pico_runtime/runtime.c.o
 .rodata.missing_double_func_shim.str1.4
                0x10005224       0x18 CMakeFiles/main.dir/home/mees/pico-sdk/src/rp2_common/pico_double/double_init_rom_rp2040.c.o
 .rodata.missing_float_func_shim.str1.4
                0x10005224        0x1 CMakeFiles/main.dir/home/mees/pico-sdk/src/rp2_common/pico_float/float_init_rom_rp2040.c.o
 .rodata.str1.4
                0x10005224       0x3c CMakeFiles/main.dir/home/mees/pico-sdk/src/rp2_common/pico_standard_binary_info/standard_binary_info.c.o
 .rodata.__bi_84
                0x10005224        0xc CMakeFiles/main.dir/home/mees/pico-sdk/src/rp2_common/pico_standard_binary_info/standard_binary_info.c.o
 .rodata.__bi_78
                0x10005230        0xc CMakeFiles/main.dir/home/mees/pico-sdk/src/rp2_common/pico_standard_binary_info/standard_binary_info.c.o
 .rodata.__bi_54
                0x1000523c        0xc CMakeFiles/main.dir/home/mees/pico-sdk/src/rp2_common/pico_standard_binary_info/standard_binary_info.c.o
 .rodata.__bi_48
                0x10005248        0xc CMakeFiles/main.dir/home/mees/pico-sdk/src/rp2_common/pico_standard_binary_info/standard_binary_info.c.o
 .rodata.__bi_42
                0x10005254        0xc CMakeFiles/main.dir/home/mees/pico-sdk/src/rp2_common/pico_standard_binary_info/standard_binary_info.c.o
 .rodata.__bi_34
                0x10005260        0xc CMakeFiles/main.dir/home/mees/pico-sdk/src/rp2_common/pico_standard_binary_info/standard_binary_info.c.o
 .rodata.__bi_26
                0x1000526c        0xc CMakeFiles/main.dir/home/mees/pico-sdk/src/rp2_common/pico_standard_binary_info/standard_binary_info.c.o
 .rodata._resetd_driver
                0x10005278       0x20 CMakeFiles/main.dir/home/mees/pico-sdk/src/rp2_common/pico_stdio_usb/reset_interface.c.o
 .rodata.desc_ms_os_20
                0x10005298       0xa6 CMakeFiles/main.dir/home/mees/pico-sdk/src/rp2_common/pico_stdio_usb/reset_interface.c.o
 *fill*         0x1000533e        0x2 
 .rodata.desc_bos
                0x10005340       0x21 CMakeFiles/main.dir/home/mees/pico-sdk/src/rp2_common/pico_stdio_usb/reset_interface.c.o
                0x10005340                desc_bos
 .rodata.str1.4
                0x10005361       0x13 CMakeFiles/main.dir/home/mees/pico-sdk/src/rp2_common/pico_stdio_usb/stdio_usb.c.o
 *fill*         0x10005361        0x3 
 .rodata.__bi_202.0
                0x10005364        0xc CMakeFiles/main.dir/home/mees/pico-sdk/src/rp2_common/pico_stdio_usb/stdio_usb.c.o
 .rodata.str1.4
                0x10005370       0x2a CMakeFiles/main.dir/home/mees/pico-sdk/src/rp2_common/pico_stdio_usb/stdio_usb_descriptors.c.o
 .rodata.usbd_desc_str
                0x10005370       0x18 CMakeFiles/main.dir/home/mees/pico-sdk/src/rp2_common/pico_stdio_usb/stdio_usb_descriptors.c.o
 .rodata.usbd_desc_cfg
                0x10005388       0x54 CMakeFiles/main.dir/home/mees/pico-sdk/src/rp2_common/pico_stdio_usb/stdio_usb_descriptors.c.o
 .rodata.usbd_desc_device
                0x100053dc       0x12 CMakeFiles/main.dir/home/mees/pico-sdk/src/rp2_common/pico_stdio_usb/stdio_usb_descriptors.c.o
 .rodata.str1.4
                0x100053ee       0x14 CMakeFiles/main.dir/home/mees/pico-sdk/lib/tinyusb/src/portable/raspberrypi/rp2040/dcd_rp2040.c.o
 .rodata.str1.4
                0x100053ee       0x48 CMakeFiles/main.dir/home/mees/pico-sdk/lib/tinyusb/src/portable/raspberrypi/rp2040/rp2040_usb.c.o
 *fill*         0x100053ee        0x2 
 .rodata.tud_task_ext
                0x100053f0       0x8c CMakeFiles/main.dir/home/mees/pico-sdk/lib/tinyusb/src/device/usbd.c.o
 .rodata        0x1000547c       0x1c CMakeFiles/main.dir/home/mees/pico-sdk/lib/tinyusb/src/device/usbd.c.o
 .rodata._usbd_driver
                0x10005498       0x40 CMakeFiles/main.dir/home/mees/pico-sdk/lib/tinyusb/src/device/usbd.c.o
                0x100054d8                        . = ALIGN (0x4)
 *(SORT_BY_ALIGNMENT(SORT_BY_NAME(.flashdata*)))
                0x100054d8                        . = ALIGN (0x4)

.ARM.extab
 *(.ARM.extab* .gnu.linkonce.armextab.*)
                0x100054d8                        __exidx_start = .

.ARM.exidx
 *(.ARM.exidx* .gnu.linkonce.armexidx.*)
                0x100054d8                        __exidx_end = .
                0x100054d8                        . = ALIGN (0x4)
                0x100054d8                        __binary_info_start = .

.binary_info    0x100054d8       0x20
 *(.binary_info.keep.*)
 .binary_info.keep.__bi_ptr84
                0x100054d8        0x4 CMakeFiles/main.dir/home/mees/pico-sdk/src/rp2_common/pico_standard_binary_info/standard_binary_info.c.o
 .binary_info.keep.__bi_ptr78
                0x100054dc        0x4 CMakeFiles/main.dir/home/mees/pico-sdk/src/rp2_common/pico_standard_binary_info/standard_binary_info.c.o
 .binary_info.keep.__bi_ptr54
                0x100054e0        0x4 CMakeFiles/main.dir/home/mees/pico-sdk/src/rp2_common/pico_standard_binary_info/standard_binary_info.c.o
 .binary_info.keep.__bi_ptr48
                0x100054e4        0x4 CMakeFiles/main.dir/home/mees/pico-sdk/src/rp2_common/pico_standard_binary_info/standard_binary_info.c.o
 .binary_info.keep.__bi_ptr42
                0x100054e8        0x4 CMakeFiles/main.dir/home/mees/pico-sdk/src/rp2_common/pico_standard_binary_info/standard_binary_info.c.o
 .binary_info.keep.__bi_ptr34
                0x100054ec        0x4 CMakeFiles/main.dir/home/mees/pico-sdk/src/rp2_common/pico_standard_binary_info/standard_binary_info.c.o
 .binary_info.keep.__bi_ptr26
                0x100054f0        0x4 CMakeFiles/main.dir/home/mees/pico-sdk/src/rp2_common/pico_standard_binary_info/standard_binary_info.c.o
 *(.binary_info.*)
 .binary_info.__bi_ptr202
                0x100054f4        0x4 CMakeFiles/main.dir/home/mees/pico-sdk/src/rp2_common/pico_stdio_usb/stdio_usb.c.o
                0x100054f8                        __binary_info_end = .
                0x100054f8                        . = ALIGN (0x4)

.ram_vector_table
                0x20000000       0xc0
 *(.ram_vector_table)
 .ram_vector_table
                0x20000000       0xc0 CMakeFiles/main.dir/home/mees/pico-sdk/src/rp2_common/pico_runtime_init/runtime_init.c.o
                0x20000000                ram_vector_table

.uninitialized_data
                0x200000c0        0x0
                0x200000c0                        . = ALIGN (0x4)
 *(.uninitialized_data*)

.data           0x200000c0     0x1030 load address 0x100054f8
                0x200000c0                        __data_start__ = .
 *(vtable)
 *(.time_critical*)
 .time_critical.mutex_try_enter
                0x200000c0       0x40 CMakeFiles/main.dir/home/mees/pico-sdk/src/common/pico_sync/mutex.c.o
                0x200000c0                mutex_try_enter
 .time_critical.mutex_try_enter_block_until
                0x20000100       0x98 CMakeFiles/main.dir/home/mees/pico-sdk/src/common/pico_sync/mutex.c.o
                0x20000100                mutex_try_enter_block_until
 .time_critical.mutex_enter_timeout_ms
                0x20000198       0x8c CMakeFiles/main.dir/home/mees/pico-sdk/src/common/pico_sync/mutex.c.o
                0x20000198                mutex_enter_timeout_ms
 .time_critical.mutex_exit
                0x20000224       0x28 CMakeFiles/main.dir/home/mees/pico-sdk/src/common/pico_sync/mutex.c.o
                0x20000224                mutex_exit
 .time_critical.flash_init_boot2_copyout
                0x2000024c       0x30 CMakeFiles/main.dir/home/mees/pico-sdk/src/rp2_common/hardware_flash/flash.c.o
 .time_critical.flash_enable_xip_via_boot2
                0x2000027c        0xc CMakeFiles/main.dir/home/mees/pico-sdk/src/rp2_common/hardware_flash/flash.c.o
 .time_critical.flash_save_hardware_state
                0x20000288       0x20 CMakeFiles/main.dir/home/mees/pico-sdk/src/rp2_common/hardware_flash/flash.c.o
 .time_critical.flash_restore_hardware_state
                0x200002a8       0x20 CMakeFiles/main.dir/home/mees/pico-sdk/src/rp2_common/hardware_flash/flash.c.o
 .time_critical.flash_cs_force
                0x200002c8       0x38 CMakeFiles/main.dir/home/mees/pico-sdk/src/rp2_common/hardware_flash/flash.c.o
 .time_critical.flash_do_cmd
                0x20000300      0x13c CMakeFiles/main.dir/home/mees/pico-sdk/src/rp2_common/hardware_flash/flash.c.o
                0x20000300                flash_do_cmd
 .time_critical.reset_non_control_endpoints
                0x2000043c       0x68 CMakeFiles/main.dir/home/mees/pico-sdk/lib/tinyusb/src/portable/raspberrypi/rp2040/dcd_rp2040.c.o
 .time_critical.hw_handle_buff_status
                0x200004a4       0xa0 CMakeFiles/main.dir/home/mees/pico-sdk/lib/tinyusb/src/portable/raspberrypi/rp2040/dcd_rp2040.c.o
 .time_critical.dcd_rp2040_irq
                0x20000544      0x548 CMakeFiles/main.dir/home/mees/pico-sdk/lib/tinyusb/src/portable/raspberrypi/rp2040/dcd_rp2040.c.o
 .time_critical.prepare_ep_buffer
                0x20000a8c       0xc8 CMakeFiles/main.dir/home/mees/pico-sdk/lib/tinyusb/src/portable/raspberrypi/rp2040/rp2040_usb.c.o
 .time_critical.sync_ep_buffer
                0x20000b54       0x9c CMakeFiles/main.dir/home/mees/pico-sdk/lib/tinyusb/src/portable/raspberrypi/rp2040/rp2040_usb.c.o
 .time_critical._hw_endpoint_xfer_sync
                0x20000bf0       0x28 CMakeFiles/main.dir/home/mees/pico-sdk/lib/tinyusb/src/portable/raspberrypi/rp2040/rp2040_usb.c.o
 .time_critical.e15_is_bulkin_ep
                0x20000c18       0x28 CMakeFiles/main.dir/home/mees/pico-sdk/lib/tinyusb/src/portable/raspberrypi/rp2040/rp2040_usb.c.o
 .time_critical.e15_is_critical_frame_period
                0x20000c40       0x34 CMakeFiles/main.dir/home/mees/pico-sdk/lib/tinyusb/src/portable/raspberrypi/rp2040/rp2040_usb.c.o
 .time_critical.hw_endpoint_reset_transfer
                0x20000c74        0xc CMakeFiles/main.dir/home/mees/pico-sdk/lib/tinyusb/src/portable/raspberrypi/rp2040/rp2040_usb.c.o
                0x20000c74                hw_endpoint_reset_transfer
 .time_critical._hw_endpoint_buffer_control_update32
                0x20000c80       0x50 CMakeFiles/main.dir/home/mees/pico-sdk/lib/tinyusb/src/portable/raspberrypi/rp2040/rp2040_usb.c.o
                0x20000c80                _hw_endpoint_buffer_control_update32
 .time_critical.hw_endpoint_start_next_buffer
                0x20000cd0       0x68 CMakeFiles/main.dir/home/mees/pico-sdk/lib/tinyusb/src/portable/raspberrypi/rp2040/rp2040_usb.c.o
                0x20000cd0                hw_endpoint_start_next_buffer
 .time_critical.hw_endpoint_xfer_continue
                0x20000d38       0x40 CMakeFiles/main.dir/home/mees/pico-sdk/lib/tinyusb/src/portable/raspberrypi/rp2040/rp2040_usb.c.o
                0x20000d38                hw_endpoint_xfer_continue
 .time_critical.tinyusb
                0x20000d78      0x1e4 CMakeFiles/main.dir/home/mees/pico-sdk/lib/tinyusb/src/device/usbd.c.o
                0x20000d78                dcd_event_handler
 *(.text*)
 .text          0x20000f5c        0x4 /usr/lib/gcc/arm-none-eabi/14.2.0/thumb/v6-m/nofp/libgcc.a(_dvmd_tls.o)
                0x20000f5c                __aeabi_ldiv0
                0x20000f5c                __aeabi_idiv0
 .text.__stub   0x20000f60       0x80 linker stubs
                0x20000fe0                        . = ALIGN (0x4)
 *(.rodata*)
                0x20000fe0                        . = ALIGN (0x4)
 *(.data*)
 .data.coeff_RN
                0x20000fe0       0x10 CMakeFiles/main.dir/main.c.o
                0x20000fe0                coeff_RN
 .data.coeff_LN
                0x20000ff0       0x10 CMakeFiles/main.dir/main.c.o
                0x20000ff0                coeff_LN
 .data.coeff_RP
                0x20001000       0x10 CMakeFiles/main.dir/main.c.o
                0x20001000                coeff_RP
 .data.coeff_LP
                0x20001010       0x10 CMakeFiles/main.dir/main.c.o
                0x20001010                coeff_LP
 .data.striped_spin_lock_num
                0x20001020        0x1 CMakeFiles/main.dir/home/mees/pico-sdk/src/rp2_common/hardware_sync/sync.c.o
 *fill*         0x20001021        0x3 
 .data          0x20001024       0x48 CMakeFiles/main.dir/home/mees/pico-sdk/src/rp2_common/hardware_irq/irq_handler_chain.S.o
                0x20001024                irq_handler_chain_slots
                0x20001054                irq_handler_chain_first_slot
                0x2000105e                irq_handler_chain_remove_tail
 .data.default_alarm_pool
                0x2000106c       0x18 CMakeFiles/main.dir/home/mees/pico-sdk/src/common/pico_time/time.c.o
 *fill*         0x20001084        0xc 
 .data.aeabi_bits_funcs
                0x20001090       0x10 CMakeFiles/main.dir/home/mees/pico-sdk/src/rp2_common/pico_bit_ops/bit_ops_aeabi.S.o
                0x20001090                aeabi_bits_funcs
                0x200010a0                aeabi_bits_funcs_end
 .data.aeabi_mem_funcs
                0x200010a0       0x10 CMakeFiles/main.dir/home/mees/pico-sdk/src/rp2_common/pico_mem_ops/mem_ops_aeabi.S.o
                0x200010a0                aeabi_mem_funcs
                0x200010b0                aeabi_mem_funcs_end
 .data.stdio_usb
                0x200010b0       0x14 CMakeFiles/main.dir/home/mees/pico-sdk/src/rp2_common/pico_stdio_usb/stdio_usb.c.o
                0x200010b0                stdio_usb
 .data._usbd_qdef
                0x200010c4       0x1c CMakeFiles/main.dir/home/mees/pico-sdk/lib/tinyusb/src/device/usbd.c.o
                0x200010c4                _usbd_qdef
 .data._usbd_rhport
                0x200010e0        0x1 CMakeFiles/main.dir/home/mees/pico-sdk/lib/tinyusb/src/device/usbd.c.o
 *fill*         0x200010e1        0x3 
 .data.__atexit_recursive_mutex
                0x200010e4        0x4 /usr/lib/gcc/arm-none-eabi/14.2.0/../../../../arm-none-eabi/lib/thumb/v6-m/nofp/libg.a(libc_a-__call_atexit.o)
                0x200010e4                __atexit_recursive_mutex
                0x200010e8                        . = ALIGN (0x4)
 *(.after_data.*)
                0x200010e8                        . = ALIGN (0x4)
                0x200010e8                        PROVIDE (__mutex_array_start = .)
 *(SORT_BY_NAME(.mutex_array.*))
 *(.mutex_array)
 .mutex_array   0x200010e8        0x8 CMakeFiles/main.dir/home/mees/pico-sdk/src/rp2_common/pico_stdio/stdio.c.o
                0x200010f0                        PROVIDE (__mutex_array_end = .)
                0x200010f0                        . = ALIGN (0x4)
 *(.jcr)
                0x200010f0                        . = ALIGN (0x4)

.igot.plt       0x200010f0        0x0 load address 0x10006528
 .igot.plt      0x200010f0        0x0 /usr/lib/gcc/arm-none-eabi/14.2.0/thumb/v6-m/nofp/crtbegin.o

.tdata          0x200010f0        0x0 load address 0x10006528
                0x200010f0                        . = ALIGN (0x4)
 *(.tdata .tdata.* .gnu.linkonce.td.*)
                0x200010f0                        __tdata_end = .
                0x200010f0                        PROVIDE (__data_end__ = .)
                0x100054f8                        __etext = LOADADDR (.data)

.tbss           0x200010f0        0x0 load address 0x10006528
                0x200010f0                        . = ALIGN (0x4)
                0x200010f0                        __bss_start__ = .
                0x200010f0                        __tls_base = .
 *(.tbss .tbss.* .gnu.linkonce.tb.*)
 *(.tcommon)
                0x200010f0                        __tls_end = .

.bss            0x200010f0     0x10e4 load address 0x10006528
                0x200010f0                        . = ALIGN (0x4)
                0x200010f0                        __tbss_end = .
 *(SORT_BY_ALIGNMENT(SORT_BY_NAME(.bss*)))
 .bss.cal_current_tick
                0x200010f0        0x8 CMakeFiles/main.dir/main.c.o
                0x200010f0                cal_current_tick
 .bss.cal_last_tick
                0x200010f8        0x8 CMakeFiles/main.dir/main.c.o
                0x200010f8                cal_last_tick
 .bss.cum_deltas
                0x20001100       0x10 CMakeFiles/main.dir/main.c.o
                0x20001100                cum_deltas
 .bss.default_alarm_pool_entries
                0x20001110      0x180 CMakeFiles/main.dir/home/mees/pico-sdk/src/common/pico_time/time.c.o
 .bss.last_avail_time.1
                0x20001290        0x8 CMakeFiles/main.dir/home/mees/pico-sdk/src/rp2_common/pico_stdio_usb/stdio_usb.c.o
 .bss.last_ticks
                0x20001298       0x10 CMakeFiles/main.dir/main.c.o
                0x20001298                last_ticks
 .bss.sd_table  0x200012a8      0x100 CMakeFiles/main.dir/home/mees/pico-sdk/src/rp2_common/pico_double/double_init_rom_rp2040.c.o
                0x200012a8                sd_table
 .bss.I_count   0x200013a8        0x4 CMakeFiles/main.dir/main.c.o
                0x200013a8                I_count
 .bss.Target_I_count
                0x200013ac        0x4 CMakeFiles/main.dir/main.c.o
                0x200013ac                Target_I_count
 .bss.__atexit  0x200013b0        0x4 /usr/lib/gcc/arm-none-eabi/14.2.0/../../../../arm-none-eabi/lib/thumb/v6-m/nofp/libg.a(libc_a-__call_atexit.o)
                0x200013b0                __atexit
 .bss.__atexit0
                0x200013b4      0x190 /usr/lib/gcc/arm-none-eabi/14.2.0/../../../../arm-none-eabi/lib/thumb/v6-m/nofp/libg.a(libc_a-__atexit.o)
                0x200013b4                __atexit0
 .bss.__lock___atexit_recursive_mutex
                0x20001544        0x1 /usr/lib/gcc/arm-none-eabi/14.2.0/../../../../arm-none-eabi/lib/thumb/v6-m/nofp/libg.a(libc_a-lock.o)
                0x20001544                __lock___atexit_recursive_mutex
 *fill*         0x20001545        0x3 
 .bss._app_driver
                0x20001548        0x4 CMakeFiles/main.dir/home/mees/pico-sdk/lib/tinyusb/src/device/usbd.c.o
 .bss._cdcd_epbuf
                0x2000154c       0x80 CMakeFiles/main.dir/home/mees/pico-sdk/lib/tinyusb/src/class/cdc/cdc_device.c.o
 .bss._cdcd_fifo_cfg
                0x200015cc        0x1 CMakeFiles/main.dir/home/mees/pico-sdk/lib/tinyusb/src/class/cdc/cdc_device.c.o
 *fill*         0x200015cd        0x3 
 .bss._cdcd_itf
                0x200015d0       0xc8 CMakeFiles/main.dir/home/mees/pico-sdk/lib/tinyusb/src/class/cdc/cdc_device.c.o
 .bss._ctrl_epbuf
                0x20001698       0x40 CMakeFiles/main.dir/home/mees/pico-sdk/lib/tinyusb/src/device/usbd_control.c.o
 .bss._ctrl_xfer
                0x200016d8       0x14 CMakeFiles/main.dir/home/mees/pico-sdk/lib/tinyusb/src/device/usbd_control.c.o
 .bss._tusb_rhport_role
                0x200016ec        0x2 CMakeFiles/main.dir/home/mees/pico-sdk/lib/tinyusb/src/tusb.c.o
                0x200016ec                _tusb_rhport_role
 *fill*         0x200016ee        0x2 
 .bss._ubsd_mutexdef
                0x200016f0        0x8 CMakeFiles/main.dir/home/mees/pico-sdk/lib/tinyusb/src/device/usbd.c.o
 .bss._usbd_dev
                0x200016f8       0x54 CMakeFiles/main.dir/home/mees/pico-sdk/lib/tinyusb/src/device/usbd.c.o
 .bss._usbd_mutex
                0x2000174c        0x4 CMakeFiles/main.dir/home/mees/pico-sdk/lib/tinyusb/src/device/usbd.c.o
 .bss._usbd_q   0x20001750        0x4 CMakeFiles/main.dir/home/mees/pico-sdk/lib/tinyusb/src/device/usbd.c.o
 .bss._usbd_qdef_buf
                0x20001754       0xc0 CMakeFiles/main.dir/home/mees/pico-sdk/lib/tinyusb/src/device/usbd.c.o
                0x20001754                _usbd_qdef_buf
 .bss._vendord_epbuf
                0x20001814       0x80 CMakeFiles/main.dir/home/mees/pico-sdk/lib/tinyusb/src/class/vendor/vendor_device.c.o
 .bss._vendord_itf
                0x20001894      0x24c CMakeFiles/main.dir/home/mees/pico-sdk/lib/tinyusb/src/class/vendor/vendor_device.c.o
 .bss.boot2_copyout
                0x20001ae0      0x100 CMakeFiles/main.dir/home/mees/pico-sdk/src/rp2_common/hardware_flash/flash.c.o
 .bss.callbacks
                0x20001be0        0x8 CMakeFiles/main.dir/home/mees/pico-sdk/src/rp2_common/hardware_gpio/gpio.c.o
 .bss.chars_available_callback
                0x20001be8        0x4 CMakeFiles/main.dir/home/mees/pico-sdk/src/rp2_common/pico_stdio_usb/stdio_usb.c.o
 .bss.chars_available_param
                0x20001bec        0x4 CMakeFiles/main.dir/home/mees/pico-sdk/src/rp2_common/pico_stdio_usb/stdio_usb.c.o
 .bss.claimed   0x20001bf0        0x4 CMakeFiles/main.dir/home/mees/pico-sdk/src/rp2_common/hardware_sync/sync.c.o
 .bss.claimed   0x20001bf4        0x1 CMakeFiles/main.dir/home/mees/pico-sdk/src/rp2_common/hardware_timer/timer.c.o
 *fill*         0x20001bf5        0x3 
 .bss.configured_freq
                0x20001bf8       0x28 CMakeFiles/main.dir/home/mees/pico-sdk/src/rp2_common/hardware_clocks/clocks.c.o
 .bss.desc_str.0
                0x20001c20       0x28 CMakeFiles/main.dir/home/mees/pico-sdk/src/rp2_common/pico_stdio_usb/stdio_usb_descriptors.c.o
 .bss.drivers   0x20001c48        0x4 CMakeFiles/main.dir/home/mees/pico-sdk/src/rp2_common/pico_stdio/stdio.c.o
 .bss.e15_last_sof
                0x20001c4c        0x4 CMakeFiles/main.dir/home/mees/pico-sdk/lib/tinyusb/src/portable/raspberrypi/rp2040/rp2040_usb.c.o
                0x20001c4c                e15_last_sof
 .bss.filter    0x20001c50        0x4 CMakeFiles/main.dir/home/mees/pico-sdk/src/rp2_common/pico_stdio/stdio.c.o
 .bss.hw_endpoints
                0x20001c54      0x400 CMakeFiles/main.dir/home/mees/pico-sdk/lib/tinyusb/src/portable/raspberrypi/rp2040/dcd_rp2040.c.o
 .bss.lazy_vsnprintf
                0x20002054        0x4 CMakeFiles/main.dir/home/mees/pico-sdk/src/rp2_common/pico_printf/printf.c.o
 .bss.load_value
                0x20002058        0x4 CMakeFiles/main.dir/home/mees/pico-sdk/src/rp2_common/hardware_watchdog/watchdog.c.o
 .bss.next_buffer_ptr
                0x2000205c        0x4 CMakeFiles/main.dir/home/mees/pico-sdk/lib/tinyusb/src/portable/raspberrypi/rp2040/dcd_rp2040.c.o
 .bss.num_deltas
                0x20002060        0x8 CMakeFiles/main.dir/main.c.o
                0x20002060                num_deltas
 .bss.object.0  0x20002068       0x18 /usr/lib/gcc/arm-none-eabi/14.2.0/thumb/v6-m/nofp/crtbegin.o
 .bss.one_shot_timer_crit_sec
                0x20002080        0x8 CMakeFiles/main.dir/home/mees/pico-sdk/src/rp2_common/pico_stdio_usb/stdio_usb.c.o
 .bss.pools     0x20002088       0x10 CMakeFiles/main.dir/home/mees/pico-sdk/src/common/pico_time/time.c.o
 .bss.raw_irq_mask
                0x20002098        0x8 CMakeFiles/main.dir/home/mees/pico-sdk/src/rp2_common/hardware_gpio/gpio.c.o
 .bss.retrieved_id
                0x200020a0        0x8 CMakeFiles/main.dir/home/mees/pico-sdk/src/rp2_common/pico_unique_id/unique_id.c.o
 .bss.sf_clz_func
                0x200020a8        0x4 CMakeFiles/main.dir/home/mees/pico-sdk/src/rp2_common/pico_double/double_init_rom_rp2040.c.o
                0x200020a8                sf_clz_func
 .bss.sf_table  0x200020ac      0x100 CMakeFiles/main.dir/home/mees/pico-sdk/src/rp2_common/pico_float/float_init_rom_rp2040.c.o
                0x200020ac                sf_table
 .bss.sleep_notifier
                0x200021ac        0x4 CMakeFiles/main.dir/home/mees/pico-sdk/src/common/pico_time/time.c.o
 .bss.stdio_usb_mutex
                0x200021b0        0x8 CMakeFiles/main.dir/home/mees/pico-sdk/src/rp2_common/pico_stdio_usb/stdio_usb.c.o
 .bss.usbd_serial_str
                0x200021b8       0x11 CMakeFiles/main.dir/home/mees/pico-sdk/src/rp2_common/pico_stdio_usb/stdio_usb_descriptors.c.o
 .bss._app_driver_count
                0x200021c9        0x1 CMakeFiles/main.dir/home/mees/pico-sdk/lib/tinyusb/src/device/usbd.c.o
 .bss._sof_enable
                0x200021ca        0x1 CMakeFiles/main.dir/home/mees/pico-sdk/lib/tinyusb/src/portable/raspberrypi/rp2040/dcd_rp2040.c.o
 .bss._usbd_queued_setup
                0x200021cb        0x1 CMakeFiles/main.dir/home/mees/pico-sdk/lib/tinyusb/src/device/usbd.c.o
 .bss.boot2_copyout_valid
                0x200021cc        0x1 CMakeFiles/main.dir/home/mees/pico-sdk/src/rp2_common/hardware_flash/flash.c.o
 .bss.calibration_mode
                0x200021cd        0x1 CMakeFiles/main.dir/main.c.o
                0x200021cd                calibration_mode
 .bss.irq_handler_chain_free_slot_head
                0x200021ce        0x1 CMakeFiles/main.dir/home/mees/pico-sdk/src/rp2_common/hardware_irq/irq.c.o
 .bss.itf_num   0x200021cf        0x1 CMakeFiles/main.dir/home/mees/pico-sdk/src/rp2_common/pico_stdio_usb/reset_interface.c.o
 .bss.low_priority_irq_num
                0x200021d0        0x1 CMakeFiles/main.dir/home/mees/pico-sdk/src/rp2_common/pico_stdio_usb/stdio_usb.c.o
 .bss.one_shot_timer_pending
                0x200021d1        0x1 CMakeFiles/main.dir/home/mees/pico-sdk/src/rp2_common/pico_stdio_usb/stdio_usb.c.o
 .bss.user_irq_claimed
                0x200021d2        0x1 CMakeFiles/main.dir/home/mees/pico-sdk/src/rp2_common/hardware_irq/irq.c.o
 *(COMMON)
                0x200021d4                        . = ALIGN (0x4)
 *fill*         0x200021d3        0x1 
                0x200021d4                        __bss_end__ = .

.heap           0x200021d4      0x800 load address 0x10006528
                0x200021d4                        __end__ = .
                0x200021d4                        end = __end__
 *(.heap*)
 .heap          0x200021d4      0x800 CMakeFiles/main.dir/home/mees/pico-sdk/src/rp2_common/pico_crt0/crt0.S.o
                0x20040000                        __HeapLimit = (ORIGIN (RAM) + LENGTH (RAM))

.scratch_x      0x20040000        0x0 load address 0x10006528
                0x20040000                        __scratch_x_start__ = .
 *(.scratch_x.*)
                0x20040000                        . = ALIGN (0x4)
                0x20040000                        __scratch_x_end__ = .
                0x10006528                        __scratch_x_source__ = LOADADDR (.scratch_x)

.scratch_y      0x20041000        0x0 load address 0x10006528
                0x20041000                        __scratch_y_start__ = .
 *(.scratch_y.*)
                0x20041000                        . = ALIGN (0x4)
                0x20041000                        __scratch_y_end__ = .
                0x10006528                        __scratch_y_source__ = LOADADDR (.scratch_y)

.stack1_dummy
 *(.stack1*)

.stack_dummy    0x20041000      0x800
 *(.stack*)
 .stack         0x20041000      0x800 CMakeFiles/main.dir/home/mees/pico-sdk/src/rp2_common/pico_crt0/crt0.S.o

.rel.dyn        0x20041800        0x0
 .rel.iplt      0x20041800        0x0 /usr/lib/gcc/arm-none-eabi/14.2.0/thumb/v6-m/nofp/crtbegin.o

.flash_end      0x10006528        0x0
 *(.embedded_end_block*)
                0x10006528                        PROVIDE (__flash_binary_end = .)
                0x20040000                        __StackLimit = (ORIGIN (RAM) + LENGTH (RAM))
                0x20041000                        __StackOneTop = (ORIGIN (SCRATCH_X) + LENGTH (SCRATCH_X))
                0x20042000                        __StackTop = (ORIGIN (SCRATCH_Y) + LENGTH (SCRATCH_Y))
                0x20041000                        __StackOneBottom = (__StackOneTop - SIZEOF (.stack1_dummy))
                0x20041800                        __StackBottom = (__StackTop - SIZEOF (.stack_dummy))
                0x20042000                        PROVIDE (__stack = __StackTop)
                [!provide]                        PROVIDE (__heap_start = __end__)
                [!provide]                        PROVIDE (__heap_end = __HeapLimit)
                [!provide]                        PROVIDE (__tls_align = MAX (ALIGNOF (.tdata), ALIGNOF (.tbss)))
                [!provide]                        PROVIDE (__tls_size_align = (((__tls_size + __tls_align) - 0x1) & ~ ((__tls_align - 0x1))))
                [!provide]                        PROVIDE (__arm32_tls_tcb_offset = MAX (0x8, __tls_align))
                [!provide]                        PROVIDE (_end = __end__)
                [!provide]                        PROVIDE (__llvm_libc_heap_limit = __HeapLimit)
                0x00000001                        ASSERT ((__StackLimit >= __HeapLimit), region RAM overflowed)
                0x00000001                        ASSERT (((__binary_info_header_end - __logical_binary_start) <= 0x100), Binary info must be in first 256 bytes of the binary)
LOAD CMakeFiles/main.dir/main.c.o
LOAD CMakeFiles/main.dir/interface/common/transport_common.c.o
LOAD CMakeFiles/main.dir/interface/wifi/pico_wifi_transport.c.o
LOAD CMakeFiles/main.dir/interface/uart/pico_uart_transport.c.o
LOAD CMakeFiles/main.dir/home/mees/pico-sdk/src/rp2_common/pico_stdlib/stdlib.c.o
LOAD CMakeFiles/main.dir/home/mees/pico-sdk/src/rp2_common/hardware_gpio/gpio.c.o
LOAD CMakeFiles/main.dir/home/mees/pico-sdk/src/rp2040/pico_platform/platform.c.o
LOAD CMakeFiles/main.dir/home/mees/pico-sdk/src/rp2_common/pico_platform_common/common.c.o
LOAD CMakeFiles/main.dir/home/mees/pico-sdk/src/rp2_common/pico_platform_panic/panic.c.o
LOAD CMakeFiles/main.dir/home/mees/pico-sdk/src/common/hardware_claim/claim.c.o
LOAD CMakeFiles/main.dir/home/mees/pico-sdk/src/rp2_common/hardware_sync/sync.c.o
LOAD CMakeFiles/main.dir/home/mees/pico-sdk/src/rp2_common/hardware_sync_spin_lock/sync_spin_lock.c.o
LOAD CMakeFiles/main.dir/home/mees/pico-sdk/src/rp2_common/hardware_irq/irq.c.o
LOAD CMakeFiles/main.dir/home/mees/pico-sdk/src/rp2_common/hardware_irq/irq_handler_chain.S.o
LOAD CMakeFiles/main.dir/home/mees/pico-sdk/src/common/pico_sync/sem.c.o
LOAD CMakeFiles/main.dir/home/mees/pico-sdk/src/common/pico_sync/lock_core.c.o
LOAD CMakeFiles/main.dir/home/mees/pico-sdk/src/common/pico_sync/mutex.c.o
LOAD CMakeFiles/main.dir/home/mees/pico-sdk/src/common/pico_sync/critical_section.c.o
LOAD CMakeFiles/main.dir/home/mees/pico-sdk/src/common/pico_time/time.c.o
LOAD CMakeFiles/main.dir/home/mees/pico-sdk/src/common/pico_time/timeout_helper.c.o
LOAD CMakeFiles/main.dir/home/mees/pico-sdk/src/rp2_common/hardware_timer/timer.c.o
LOAD CMakeFiles/main.dir/home/mees/pico-sdk/src/common/pico_util/datetime.c.o
LOAD CMakeFiles/main.dir/home/mees/pico-sdk/src/common/pico_util/pheap.c.o
LOAD CMakeFiles/main.dir/home/mees/pico-sdk/src/common/pico_util/queue.c.o
LOAD CMakeFiles/main.dir/home/mees/pico-sdk/src/rp2_common/hardware_uart/uart.c.o
LOAD CMakeFiles/main.dir/home/mees/pico-sdk/src/rp2_common/hardware_clocks/clocks.c.o
LOAD CMakeFiles/main.dir/home/mees/pico-sdk/src/rp2_common/hardware_pll/pll.c.o
LOAD CMakeFiles/main.dir/home/mees/pico-sdk/src/rp2_common/hardware_vreg/vreg.c.o
LOAD CMakeFiles/main.dir/home/mees/pico-sdk/src/rp2_common/hardware_watchdog/watchdog.c.o
LOAD CMakeFiles/main.dir/home/mees/pico-sdk/src/rp2_common/hardware_ticks/ticks.c.o
LOAD CMakeFiles/main.dir/home/mees/pico-sdk/src/rp2_common/pico_bootrom/bootrom.c.o
LOAD CMakeFiles/main.dir/home/mees/pico-sdk/src/rp2_common/pico_bootrom/bootrom_lock.c.o
LOAD CMakeFiles/main.dir/home/mees/pico-sdk/src/rp2_common/hardware_boot_lock/boot_lock.c.o
LOAD CMakeFiles/main.dir/home/mees/pico-sdk/src/rp2_common/pico_flash/flash.c.o
LOAD CMakeFiles/main.dir/home/mees/pico-sdk/src/rp2_common/hardware_xosc/xosc.c.o
LOAD CMakeFiles/main.dir/home/mees/pico-sdk/src/rp2_common/hardware_divider/divider.S.o
LOAD CMakeFiles/main.dir/home/mees/pico-sdk/src/rp2_common/pico_runtime/runtime.c.o
LOAD CMakeFiles/main.dir/home/mees/pico-sdk/src/rp2_common/pico_runtime_init/runtime_init.c.o
LOAD CMakeFiles/main.dir/home/mees/pico-sdk/src/rp2_common/pico_runtime_init/runtime_init_clocks.c.o
LOAD CMakeFiles/main.dir/home/mees/pico-sdk/src/rp2_common/pico_runtime_init/runtime_init_stack_guard.c.o
LOAD CMakeFiles/main.dir/home/mees/pico-sdk/src/rp2_common/pico_bit_ops/bit_ops_aeabi.S.o
LOAD CMakeFiles/main.dir/home/mees/pico-sdk/src/rp2_common/pico_divider/divider_hardware.S.o
LOAD CMakeFiles/main.dir/home/mees/pico-sdk/src/rp2_common/pico_double/double_aeabi_rp2040.S.o
LOAD CMakeFiles/main.dir/home/mees/pico-sdk/src/rp2_common/pico_double/double_init_rom_rp2040.c.o
LOAD CMakeFiles/main.dir/home/mees/pico-sdk/src/rp2_common/pico_double/double_math.c.o
LOAD CMakeFiles/main.dir/home/mees/pico-sdk/src/rp2_common/pico_double/double_v1_rom_shim_rp2040.S.o
LOAD CMakeFiles/main.dir/home/mees/pico-sdk/src/rp2_common/pico_int64_ops/pico_int64_ops_aeabi.S.o
LOAD CMakeFiles/main.dir/home/mees/pico-sdk/src/rp2_common/pico_float/float_aeabi_rp2040.S.o
LOAD CMakeFiles/main.dir/home/mees/pico-sdk/src/rp2_common/pico_float/float_init_rom_rp2040.c.o
LOAD CMakeFiles/main.dir/home/mees/pico-sdk/src/rp2_common/pico_float/float_math.c.o
LOAD CMakeFiles/main.dir/home/mees/pico-sdk/src/rp2_common/pico_float/float_v1_rom_shim_rp2040.S.o
LOAD CMakeFiles/main.dir/home/mees/pico-sdk/src/rp2_common/pico_malloc/malloc.c.o
LOAD CMakeFiles/main.dir/home/mees/pico-sdk/src/rp2_common/pico_mem_ops/mem_ops_aeabi.S.o
LOAD CMakeFiles/main.dir/home/mees/pico-sdk/src/rp2_common/pico_atomic/atomic.c.o
LOAD CMakeFiles/main.dir/home/mees/pico-sdk/src/rp2_common/pico_cxx_options/new_delete.cpp.o
LOAD CMakeFiles/main.dir/home/mees/pico-sdk/src/rp2_common/pico_standard_binary_info/standard_binary_info.c.o
LOAD CMakeFiles/main.dir/home/mees/pico-sdk/src/rp2_common/pico_printf/printf.c.o
LOAD CMakeFiles/main.dir/home/mees/pico-sdk/src/rp2_common/pico_crt0/crt0.S.o
LOAD CMakeFiles/main.dir/home/mees/pico-sdk/src/rp2_common/pico_clib_interface/newlib_interface.c.o
LOAD CMakeFiles/main.dir/home/mees/pico-sdk/src/rp2_common/pico_stdio/stdio.c.o
LOAD CMakeFiles/main.dir/home/mees/pico-sdk/src/rp2_common/pico_stdio_usb/reset_interface.c.o
LOAD CMakeFiles/main.dir/home/mees/pico-sdk/src/rp2_common/pico_stdio_usb/stdio_usb.c.o
LOAD CMakeFiles/main.dir/home/mees/pico-sdk/src/rp2_common/pico_stdio_usb/stdio_usb_descriptors.c.o
LOAD CMakeFiles/main.dir/home/mees/pico-sdk/src/rp2_common/pico_unique_id/unique_id.c.o
LOAD CMakeFiles/main.dir/home/mees/pico-sdk/src/rp2_common/hardware_flash/flash.c.o
LOAD CMakeFiles/main.dir/home/mees/pico-sdk/src/rp2_common/hardware_xip_cache/xip_cache.c.o
LOAD CMakeFiles/main.dir/home/mees/pico-sdk/lib/tinyusb/src/portable/raspberrypi/rp2040/dcd_rp2040.c.o
LOAD CMakeFiles/main.dir/home/mees/pico-sdk/lib/tinyusb/src/portable/raspberrypi/rp2040/rp2040_usb.c.o
LOAD CMakeFiles/main.dir/home/mees/pico-sdk/lib/tinyusb/src/device/usbd.c.o
LOAD CMakeFiles/main.dir/home/mees/pico-sdk/lib/tinyusb/src/device/usbd_control.c.o
LOAD CMakeFiles/main.dir/home/mees/pico-sdk/lib/tinyusb/src/class/audio/audio_device.c.o
LOAD CMakeFiles/main.dir/home/mees/pico-sdk/lib/tinyusb/src/class/cdc/cdc_device.c.o
LOAD CMakeFiles/main.dir/home/mees/pico-sdk/lib/tinyusb/src/class/dfu/dfu_device.c.o
LOAD CMakeFiles/main.dir/home/mees/pico-sdk/lib/tinyusb/src/class/dfu/dfu_rt_device.c.o
LOAD CMakeFiles/main.dir/home/mees/pico-sdk/lib/tinyusb/src/class/hid/hid_device.c.o
LOAD CMakeFiles/main.dir/home/mees/pico-sdk/lib/tinyusb/src/class/midi/midi_device.c.o
LOAD CMakeFiles/main.dir/home/mees/pico-sdk/lib/tinyusb/src/class/msc/msc_device.c.o
LOAD CMakeFiles/main.dir/home/mees/pico-sdk/lib/tinyusb/src/class/net/ecm_rndis_device.c.o
LOAD CMakeFiles/main.dir/home/mees/pico-sdk/lib/tinyusb/src/class/net/ncm_device.c.o
LOAD CMakeFiles/main.dir/home/mees/pico-sdk/lib/tinyusb/src/class/usbtmc/usbtmc_device.c.o
LOAD CMakeFiles/main.dir/home/mees/pico-sdk/lib/tinyusb/src/class/vendor/vendor_device.c.o
LOAD CMakeFiles/main.dir/home/mees/pico-sdk/lib/tinyusb/src/class/video/video_device.c.o
LOAD CMakeFiles/main.dir/home/mees/pico-sdk/lib/tinyusb/src/tusb.c.o
LOAD CMakeFiles/main.dir/home/mees/pico-sdk/lib/tinyusb/src/common/tusb_fifo.c.o
LOAD CMakeFiles/main.dir/home/mees/pico-sdk/src/rp2_common/pico_fix/rp2040_usb_device_enumeration/rp2040_usb_device_enumeration.c.o
LOAD CMakeFiles/main.dir/home/mees/pico-sdk/src/rp2_common/pico_lwip/lwip_nosys.c.o
LOAD CMakeFiles/main.dir/home/mees/pico-sdk/src/rp2_common/pico_async_context/async_context_base.c.o
LOAD CMakeFiles/main.dir/home/mees/pico-sdk/src/rp2_common/pico_rand/rand.c.o
LOAD CMakeFiles/main.dir/home/mees/pico-sdk/lib/lwip/src/core/init.c.o
LOAD CMakeFiles/main.dir/home/mees/pico-sdk/lib/lwip/src/core/def.c.o
LOAD CMakeFiles/main.dir/home/mees/pico-sdk/lib/lwip/src/core/dns.c.o
LOAD CMakeFiles/main.dir/home/mees/pico-sdk/lib/lwip/src/core/inet_chksum.c.o
LOAD CMakeFiles/main.dir/home/mees/pico-sdk/lib/lwip/src/core/ip.c.o
LOAD CMakeFiles/main.dir/home/mees/pico-sdk/lib/lwip/src/core/mem.c.o
LOAD CMakeFiles/main.dir/home/mees/pico-sdk/lib/lwip/src/core/memp.c.o
LOAD CMakeFiles/main.dir/home/mees/pico-sdk/lib/lwip/src/core/netif.c.o
LOAD CMakeFiles/main.dir/home/mees/pico-sdk/lib/lwip/src/core/pbuf.c.o
LOAD CMakeFiles/main.dir/home/mees/pico-sdk/lib/lwip/src/core/raw.c.o
LOAD CMakeFiles/main.dir/home/mees/pico-sdk/lib/lwip/src/core/stats.c.o
LOAD CMakeFiles/main.dir/home/mees/pico-sdk/lib/lwip/src/core/sys.c.o
LOAD CMakeFiles/main.dir/home/mees/pico-sdk/lib/lwip/src/core/altcp.c.o
LOAD CMakeFiles/main.dir/home/mees/pico-sdk/lib/lwip/src/core/altcp_alloc.c.o
LOAD CMakeFiles/main.dir/home/mees/pico-sdk/lib/lwip/src/core/altcp_tcp.c.o
LOAD CMakeFiles/main.dir/home/mees/pico-sdk/lib/lwip/src/core/tcp.c.o
LOAD CMakeFiles/main.dir/home/mees/pico-sdk/lib/lwip/src/core/tcp_in.c.o
LOAD CMakeFiles/main.dir/home/mees/pico-sdk/lib/lwip/src/core/tcp_out.c.o
LOAD CMakeFiles/main.dir/home/mees/pico-sdk/lib/lwip/src/core/timeouts.c.o
LOAD CMakeFiles/main.dir/home/mees/pico-sdk/lib/lwip/src/core/udp.c.o
LOAD CMakeFiles/main.dir/home/mees/pico-sdk/lib/lwip/src/core/ipv4/autoip.c.o
LOAD CMakeFiles/main.dir/home/mees/pico-sdk/lib/lwip/src/core/ipv4/dhcp.c.o
LOAD CMakeFiles/main.dir/home/mees/pico-sdk/lib/lwip/src/core/ipv4/etharp.c.o
LOAD CMakeFiles/main.dir/home/mees/pico-sdk/lib/lwip/src/core/ipv4/icmp.c.o
LOAD CMakeFiles/main.dir/home/mees/pico-sdk/lib/lwip/src/core/ipv4/igmp.c.o
LOAD CMakeFiles/main.dir/home/mees/pico-sdk/lib/lwip/src/core/ipv4/ip4_frag.c.o
LOAD CMakeFiles/main.dir/home/mees/pico-sdk/lib/lwip/src/core/ipv4/ip4.c.o
LOAD CMakeFiles/main.dir/home/mees/pico-sdk/lib/lwip/src/core/ipv4/ip4_addr.c.o
LOAD CMakeFiles/main.dir/home/mees/pico-sdk/lib/lwip/src/core/ipv4/acd.c.o
LOAD CMakeFiles/main.dir/home/mees/pico-sdk/lib/lwip/src/core/ipv6/dhcp6.c.o
LOAD CMakeFiles/main.dir/home/mees/pico-sdk/lib/lwip/src/core/ipv6/ethip6.c.o
LOAD CMakeFiles/main.dir/home/mees/pico-sdk/lib/lwip/src/core/ipv6/icmp6.c.o
LOAD CMakeFiles/main.dir/home/mees/pico-sdk/lib/lwip/src/core/ipv6/inet6.c.o
LOAD CMakeFiles/main.dir/home/mees/pico-sdk/lib/lwip/src/core/ipv6/ip6.c.o
LOAD CMakeFiles/main.dir/home/mees/pico-sdk/lib/lwip/src/core/ipv6/ip6_addr.c.o
LOAD CMakeFiles/main.dir/home/mees/pico-sdk/lib/lwip/src/core/ipv6/ip6_frag.c.o
LOAD CMakeFiles/main.dir/home/mees/pico-sdk/lib/lwip/src/core/ipv6/mld6.c.o
LOAD CMakeFiles/main.dir/home/mees/pico-sdk/lib/lwip/src/core/ipv6/nd6.c.o
LOAD CMakeFiles/main.dir/home/mees/pico-sdk/lib/lwip/src/api/api_lib.c.o
LOAD CMakeFiles/main.dir/home/mees/pico-sdk/lib/lwip/src/api/api_msg.c.o
LOAD CMakeFiles/main.dir/home/mees/pico-sdk/lib/lwip/src/api/err.c.o
LOAD CMakeFiles/main.dir/home/mees/pico-sdk/lib/lwip/src/api/if_api.c.o
LOAD CMakeFiles/main.dir/home/mees/pico-sdk/lib/lwip/src/api/netbuf.c.o
LOAD CMakeFiles/main.dir/home/mees/pico-sdk/lib/lwip/src/api/netdb.c.o
LOAD CMakeFiles/main.dir/home/mees/pico-sdk/lib/lwip/src/api/netifapi.c.o
LOAD CMakeFiles/main.dir/home/mees/pico-sdk/lib/lwip/src/api/sockets.c.o
LOAD CMakeFiles/main.dir/home/mees/pico-sdk/lib/lwip/src/api/tcpip.c.o
LOAD CMakeFiles/main.dir/home/mees/pico-sdk/lib/lwip/src/netif/ethernet.c.o
LOAD CMakeFiles/main.dir/home/mees/pico-sdk/lib/lwip/src/netif/bridgeif.c.o
LOAD CMakeFiles/main.dir/home/mees/pico-sdk/lib/lwip/src/netif/bridgeif_fdb.c.o
LOAD CMakeFiles/main.dir/home/mees/pico-sdk/lib/lwip/src/netif/slipif.c.o
LOAD CMakeFiles/main.dir/home/mees/pico-sdk/lib/lwip/src/netif/lowpan6_common.c.o
LOAD CMakeFiles/main.dir/home/mees/pico-sdk/lib/lwip/src/netif/lowpan6.c.o
LOAD CMakeFiles/main.dir/home/mees/pico-sdk/lib/lwip/src/netif/lowpan6_ble.c.o
LOAD CMakeFiles/main.dir/home/mees/pico-sdk/lib/lwip/src/netif/zepif.c.o
LOAD CMakeFiles/main.dir/home/mees/pico-sdk/lib/lwip/src/netif/ppp/auth.c.o
LOAD CMakeFiles/main.dir/home/mees/pico-sdk/lib/lwip/src/netif/ppp/ccp.c.o
LOAD CMakeFiles/main.dir/home/mees/pico-sdk/lib/lwip/src/netif/ppp/chap-md5.c.o
LOAD CMakeFiles/main.dir/home/mees/pico-sdk/lib/lwip/src/netif/ppp/chap_ms.c.o
LOAD CMakeFiles/main.dir/home/mees/pico-sdk/lib/lwip/src/netif/ppp/chap-new.c.o
LOAD CMakeFiles/main.dir/home/mees/pico-sdk/lib/lwip/src/netif/ppp/demand.c.o
LOAD CMakeFiles/main.dir/home/mees/pico-sdk/lib/lwip/src/netif/ppp/eap.c.o
LOAD CMakeFiles/main.dir/home/mees/pico-sdk/lib/lwip/src/netif/ppp/ecp.c.o
LOAD CMakeFiles/main.dir/home/mees/pico-sdk/lib/lwip/src/netif/ppp/eui64.c.o
LOAD CMakeFiles/main.dir/home/mees/pico-sdk/lib/lwip/src/netif/ppp/fsm.c.o
LOAD CMakeFiles/main.dir/home/mees/pico-sdk/lib/lwip/src/netif/ppp/ipcp.c.o
LOAD CMakeFiles/main.dir/home/mees/pico-sdk/lib/lwip/src/netif/ppp/ipv6cp.c.o
LOAD CMakeFiles/main.dir/home/mees/pico-sdk/lib/lwip/src/netif/ppp/lcp.c.o
LOAD CMakeFiles/main.dir/home/mees/pico-sdk/lib/lwip/src/netif/ppp/magic.c.o
LOAD CMakeFiles/main.dir/home/mees/pico-sdk/lib/lwip/src/netif/ppp/mppe.c.o
LOAD CMakeFiles/main.dir/home/mees/pico-sdk/lib/lwip/src/netif/ppp/multilink.c.o
LOAD CMakeFiles/main.dir/home/mees/pico-sdk/lib/lwip/src/netif/ppp/ppp.c.o
LOAD CMakeFiles/main.dir/home/mees/pico-sdk/lib/lwip/src/netif/ppp/pppapi.c.o
LOAD CMakeFiles/main.dir/home/mees/pico-sdk/lib/lwip/src/netif/ppp/pppcrypt.c.o
LOAD CMakeFiles/main.dir/home/mees/pico-sdk/lib/lwip/src/netif/ppp/pppoe.c.o
LOAD CMakeFiles/main.dir/home/mees/pico-sdk/lib/lwip/src/netif/ppp/pppol2tp.c.o
LOAD CMakeFiles/main.dir/home/mees/pico-sdk/lib/lwip/src/netif/ppp/pppos.c.o
LOAD CMakeFiles/main.dir/home/mees/pico-sdk/lib/lwip/src/netif/ppp/upap.c.o
LOAD CMakeFiles/main.dir/home/mees/pico-sdk/lib/lwip/src/netif/ppp/utils.c.o
LOAD CMakeFiles/main.dir/home/mees/pico-sdk/lib/lwip/src/netif/ppp/vj.c.o
LOAD CMakeFiles/main.dir/home/mees/pico-sdk/lib/lwip/src/netif/ppp/polarssl/arc4.c.o
LOAD CMakeFiles/main.dir/home/mees/pico-sdk/lib/lwip/src/netif/ppp/polarssl/des.c.o
LOAD CMakeFiles/main.dir/home/mees/pico-sdk/lib/lwip/src/netif/ppp/polarssl/md4.c.o
LOAD CMakeFiles/main.dir/home/mees/pico-sdk/lib/lwip/src/netif/ppp/polarssl/md5.c.o
LOAD CMakeFiles/main.dir/home/mees/pico-sdk/lib/lwip/src/netif/ppp/polarssl/sha1.c.o
LOAD CMakeFiles/main.dir/home/mees/pico-sdk/src/rp2_common/pico_cyw43_arch/cyw43_arch.c.o
LOAD CMakeFiles/main.dir/home/mees/pico-sdk/src/rp2_common/pico_cyw43_arch/cyw43_arch_poll.c.o
LOAD CMakeFiles/main.dir/home/mees/pico-sdk/src/rp2_common/pico_cyw43_arch/cyw43_arch_threadsafe_background.c.o
LOAD CMakeFiles/main.dir/home/mees/pico-sdk/src/rp2_common/pico_cyw43_arch/cyw43_arch_freertos.c.o
LOAD CMakeFiles/main.dir/home/mees/pico-sdk/src/rp2_common/pico_cyw43_driver/cyw43_bus_pio_spi.c.o
LOAD CMakeFiles/main.dir/home/mees/pico-sdk/lib/cyw43-driver/src/cyw43_ll.c.o
LOAD CMakeFiles/main.dir/home/mees/pico-sdk/lib/cyw43-driver/src/cyw43_stats.c.o
LOAD CMakeFiles/main.dir/home/mees/pico-sdk/lib/cyw43-driver/src/cyw43_lwip.c.o
LOAD CMakeFiles/main.dir/home/mees/pico-sdk/lib/cyw43-driver/src/cyw43_ctrl.c.o
LOAD CMakeFiles/main.dir/home/mees/pico-sdk/src/rp2_common/pico_cyw43_driver/cybt_shared_bus/cybt_shared_bus.c.o
LOAD CMakeFiles/main.dir/home/mees/pico-sdk/src/rp2_common/pico_cyw43_driver/cybt_shared_bus/cybt_shared_bus_driver.c.o
LOAD CMakeFiles/main.dir/home/mees/pico-sdk/src/rp2_common/hardware_pio/pio.c.o
LOAD CMakeFiles/main.dir/home/mees/pico-sdk/src/rp2_common/hardware_dma/dma.c.o
LOAD CMakeFiles/main.dir/home/mees/pico-sdk/src/rp2_common/hardware_exception/exception.c.o
LOAD CMakeFiles/main.dir/home/mees/pico-sdk/src/rp2_common/pico_cyw43_driver/cyw43_driver.c.o
LOAD CMakeFiles/main.dir/home/mees/pico-sdk/src/rp2_common/pico_async_context/async_context_threadsafe_background.c.o
LOAD pico-sdk/src/rp2040/boot_stage2/CMakeFiles/bs2_default_library.dir/bs2_default_padded_checksummed.S.o